Archive member included because of file (symbol)

.\CortexM3\ARM_GCC_493\Debug\Guitar Learner.a(cyfitter_cfg.o)
                              .\CortexM3\ARM_GCC_493\Debug\Cm3Start.o (cyfitter_cfg)
.\CortexM3\ARM_GCC_493\Debug\Guitar Learner.a(SPIM_1.o)
                              .\CortexM3\ARM_GCC_493\Debug\tft.o (SPIM_1_ReadTxStatus)
.\CortexM3\ARM_GCC_493\Debug\Guitar Learner.a(SPIM_1_IntClock.o)
                              .\CortexM3\ARM_GCC_493\Debug\Guitar Learner.a(SPIM_1.o) (SPIM_1_IntClock_Start)
.\CortexM3\ARM_GCC_493\Debug\Guitar Learner.a(CyBootAsmGnu.o)
                              .\CortexM3\ARM_GCC_493\Debug\Guitar Learner.a(cyfitter_cfg.o) (CyDelayCycles)
.\CortexM3\ARM_GCC_493\Debug\Guitar Learner.a(CyLib.o)
                              .\CortexM3\ARM_GCC_493\Debug\GUI_X.o (CyHalt)
.\CortexM3\ARM_GCC_493\Debug\Guitar Learner.a(cyPm.o)
                              .\CortexM3\ARM_GCC_493\Debug\Guitar Learner.a(CyLib.o) (CyPmReadStatus)
.\CortexM3\ARM_GCC_493\Debug\Guitar Learner.a(DAC_SOUND_OUT.o)
                              .\CortexM3\ARM_GCC_493\Debug\main.o (DAC_SOUND_OUT_SetValue)
.\CortexM3\ARM_GCC_493\Debug\Guitar Learner.a(BTN_DAW.o)
                              .\CortexM3\ARM_GCC_493\Debug\main.o (BTN_DAW_Read)
.\CortexM3\ARM_GCC_493\Debug\Guitar Learner.a(BTN_LEARN.o)
                              .\CortexM3\ARM_GCC_493\Debug\main.o (BTN_LEARN_Read)
.\CortexM3\ARM_GCC_493\Debug\Guitar Learner.a(ADC_SOUND_IN.o)
                              .\CortexM3\ARM_GCC_493\Debug\main.o (ADC_SOUND_IN_Start)
.\CortexM3\ARM_GCC_493\Debug\Guitar Learner.a(ADC_SOUND_IN_INT.o)
                              .\CortexM3\ARM_GCC_493\Debug\Guitar Learner.a(ADC_SOUND_IN.o) (ADC_SOUND_IN_ISR1)
.\CortexM3\ARM_GCC_493\Debug\Guitar Learner.a(LCD_Char_1.o)
                              .\CortexM3\ARM_GCC_493\Debug\main.o (LCD_Char_1_WriteControl)
.\CortexM3\ARM_GCC_493\Debug\Guitar Learner.a(AMux_1.o)
                              .\CortexM3\ARM_GCC_493\Debug\main.o (AMux_1_Start)
.\CortexM3\ARM_GCC_493\Debug\Guitar Learner.a(LED_GREEN.o)
                              .\CortexM3\ARM_GCC_493\Debug\main.o (LED_GREEN_Write)
.\CortexM3\ARM_GCC_493\Debug\Guitar Learner.a(LED_YELLOW.o)
                              .\CortexM3\ARM_GCC_493\Debug\main.o (LED_YELLOW_Write)
.\CortexM3\ARM_GCC_493\Debug\Guitar Learner.a(LED_RED.o)
                              .\CortexM3\ARM_GCC_493\Debug\main.o (LED_RED_Write)
.\CortexM3\ARM_GCC_493\Debug\Guitar Learner.a(TFT_DC.o)
                              .\CortexM3\ARM_GCC_493\Debug\tft.o (TFT_DC_Write)
.\CortexM3\ARM_GCC_493\Debug\Guitar Learner.a(ADC_SOUND_IN_AMux.o)
                              .\CortexM3\ARM_GCC_493\Debug\Guitar Learner.a(ADC_SOUND_IN.o) (ADC_SOUND_IN_AMux_Select)
.\CortexM3\ARM_GCC_493\Debug\Guitar Learner.a(ADC_SOUND_IN_Ext_CP_Clk.o)
                              .\CortexM3\ARM_GCC_493\Debug\Guitar Learner.a(ADC_SOUND_IN.o) (ADC_SOUND_IN_Ext_CP_Clk_SetModeRegister)
.\CortexM3\ARM_GCC_493\Debug\Guitar Learner.a(ADC_SOUND_IN_theACLK.o)
                              .\CortexM3\ARM_GCC_493\Debug\Guitar Learner.a(ADC_SOUND_IN.o) (ADC_SOUND_IN_theACLK_SetModeRegister)
.\CortexM3\ARM_GCC_493\Debug\Guitar Learner.a(CyFlash.o)
                              .\CortexM3\ARM_GCC_493\Debug\Guitar Learner.a(cyPm.o) (CyFlash_SetWaitCycles)
.\CortexM3\ARM_GCC_493\Debug\Guitar Learner.a(CySpc.o)
                              .\CortexM3\ARM_GCC_493\Debug\Guitar Learner.a(CyFlash.o) (CySpcStart)
..\..\emWinGraphics_v5_46\LinkLibrary\PSoC5\GCC\libemWin_nosnts_cm3_gcc.a(F6x8.o)
                              .\CortexM3\ARM_GCC_493\Debug\GUIConf.o (GUI_Font6x8)
..\..\emWinGraphics_v5_46\LinkLibrary\PSoC5\GCC\libemWin_nosnts_cm3_gcc.a(F8x16.o)
                              .\CortexM3\ARM_GCC_493\Debug\main.o (GUI_Font8x16)
..\..\emWinGraphics_v5_46\LinkLibrary\PSoC5\GCC\libemWin_nosnts_cm3_gcc.a(GUI_Alloc.o)
                              .\CortexM3\ARM_GCC_493\Debug\GUIConf.o (GUI_ALLOC_AssignMemory)
..\..\emWinGraphics_v5_46\LinkLibrary\PSoC5\GCC\libemWin_nosnts_cm3_gcc.a(GUI_CharM.o)
                              ..\..\emWinGraphics_v5_46\LinkLibrary\PSoC5\GCC\libemWin_nosnts_cm3_gcc.a(F6x8.o) (GUIMONO_DispChar)
..\..\emWinGraphics_v5_46\LinkLibrary\PSoC5\GCC\libemWin_nosnts_cm3_gcc.a(GUI_Common.o)
                              .\CortexM3\ARM_GCC_493\Debug\main.o (GUI_SetFont)
..\..\emWinGraphics_v5_46\LinkLibrary\PSoC5\GCC\libemWin_nosnts_cm3_gcc.a(GUI_Core.o)
                              ..\..\emWinGraphics_v5_46\LinkLibrary\PSoC5\GCC\libemWin_nosnts_cm3_gcc.a(GUI_Common.o) (GUI__apDevice)
..\..\emWinGraphics_v5_46\LinkLibrary\PSoC5\GCC\libemWin_nosnts_cm3_gcc.a(GUI_Device.o)
                              .\CortexM3\ARM_GCC_493\Debug\LCDConf.o (GUI_DEVICE_CreateAndLink)
..\..\emWinGraphics_v5_46\LinkLibrary\PSoC5\GCC\libemWin_nosnts_cm3_gcc.a(GUI_DispString.o)
[...]
Memory Configuration

Name             Origin             Length             Attributes
rom              0x00000000         0x00040000         xr
ram              0x1fff8000         0x00010000         xrw
*default*        0x00000000         0xffffffff

Linker script and memory map

LOAD c:/program files (x86)/cypress/psoc creator/3.3/psoc creator/import/gnu/arm/4.9.3/bin/../lib/gcc/arm-none-eabi/4.9.3/armv7-m/crti.o
LOAD c:/program files (x86)/cypress/psoc creator/3.3/psoc creator/import/gnu/arm/4.9.3/bin/../lib/gcc/arm-none-eabi/4.9.3/armv7-m/crtbegin.o
LOAD c:/program files (x86)/cypress/psoc creator/3.3/psoc creator/import/gnu/arm/4.9.3/bin/../lib/gcc/arm-none-eabi/4.9.3/../../../../arm-none-eabi/lib/armv7-m/crt0.o
START GROUP
LOAD .\CortexM3\ARM_GCC_493\Debug\main.o
LOAD .\CortexM3\ARM_GCC_493\Debug\tft.o
LOAD .\CortexM3\ARM_GCC_493\Debug\GUI_X.o
LOAD .\CortexM3\ARM_GCC_493\Debug\GUIConf.o
LOAD .\CortexM3\ARM_GCC_493\Debug\LCDConf.o
LOAD .\CortexM3\ARM_GCC_493\Debug\cymetadata.o
LOAD .\CortexM3\ARM_GCC_493\Debug\Cm3Start.o
LOAD .\CortexM3\ARM_GCC_493\Debug\Guitar Learner.a
LOAD C:\Program Files (x86)\Cypress\PSoC Creator\3.3\PSoC Creator\psoc\content\cycomponentlibrary\CyComponentLibrary.cylib\CortexM3\ARM_GCC_493\Debug\CyComponentLibrary.a
LOAD c:/program files (x86)/cypress/psoc creator/3.3/psoc creator/import/gnu/arm/4.9.3/bin/../lib/gcc/arm-none-eabi/4.9.3/../../../../arm-none-eabi/lib/armv7-m\libm.a
LOAD ..\..\emWinGraphics_v5_46\LinkLibrary\PSoC5\GCC\libemWin_nosnts_cm3_gcc.a
END GROUP
START GROUP
LOAD c:/program files (x86)/cypress/psoc creator/3.3/psoc creator/import/gnu/arm/4.9.3/bin/../lib/gcc/arm-none-eabi/4.9.3/armv7-m\libgcc.a
LOAD c:/program files (x86)/cypress/psoc creator/3.3/psoc creator/import/gnu/arm/4.9.3/bin/../lib/gcc/arm-none-eabi/4.9.3/../../../../arm-none-eabi/lib/armv7-m\libg_nano.a
LOAD c:/program files (x86)/cypress/psoc creator/3.3/psoc creator/import/gnu/arm/4.9.3/bin/../lib/gcc/arm-none-eabi/4.9.3/../../../../arm-none-eabi/lib/armv7-m\libc_nano.a
END GROUP
START GROUP
LOAD c:/program files (x86)/cypress/psoc creator/3.3/psoc creator/import/gnu/arm/4.9.3/bin/../lib/gcc/arm-none-eabi/4.9.3/armv7-m\libgcc.a
LOAD c:/program files (x86)/cypress/psoc creator/3.3/psoc creator/import/gnu/arm/4.9.3/bin/../lib/gcc/arm-none-eabi/4.9.3/../../../../arm-none-eabi/lib/armv7-m\libc_nano.a
END GROUP
LOAD c:/program files (x86)/cypress/psoc creator/3.3/psoc creator/import/gnu/arm/4.9.3/bin/../lib/gcc/arm-none-eabi/4.9.3/armv7-m/crtend.o
LOAD c:/program files (x86)/cypress/psoc creator/3.3/psoc creator/import/gnu/arm/4.9.3/bin/../lib/gcc/arm-none-eabi/4.9.3/armv7-m/crtn.o
START GROUP
LOAD c:/program files (x86)/cypress/psoc creator/3.3/psoc creator/import/gnu/arm/4.9.3/bin/../lib/gcc/arm-none-eabi/4.9.3/armv7-m\libgcc.a
LOAD c:/program files (x86)/cypress/psoc creator/3.3/psoc creator/import/gnu/arm/4.9.3/bin/../lib/gcc/arm-none-eabi/4.9.3/../../../../arm-none-eabi/lib/armv7-m\libc.a
LOAD c:/program files (x86)/cypress/psoc creator/3.3/psoc creator/import/gnu/arm/4.9.3/bin/../lib/gcc/arm-none-eabi/4.9.3/../../../../arm-none-eabi/lib/armv7-m\libnosys.a
END GROUP
                0x00000000                CY_APPL_ORIGIN = 0x0
                0x00000100                CY_FLASH_ROW_SIZE = 0x100
                0x00000020                CY_ECC_ROW_SIZE = 0x20
                0x00000000                CY_EE_IN_BTLDR = 0x0
                0x00000000                CY_APPL_LOADABLE = 0x0
                0x00000800                CY_EE_SIZE = 0x800
                0x00000001                CY_APPL_NUM = 0x1
                0x00000001                CY_APPL_MAX = 0x1
                0x00000040                CY_METADATA_SIZE = 0x40
                0x00000000                CY_APPL_LOADABLE = 0x0
                0x00000000                CY_CHECKSUM_EXCLUDE_SIZE = ALIGN (0x0, CY_FLASH_ROW_SIZE)
                0x1fffa4a0                PROVIDE (__cy_heap_start, _end)
                0x00000001                PROVIDE (__cy_region_num, ((__cy_regions_end - __cy_regions) / 0x10))
                0x20008000                PROVIDE (__cy_stack, (ORIGIN (ram) + 0x10000))
                0x20007800                PROVIDE (__cy_heap_end, (__cy_stack - 0x800))

.cybootloader   0x00000000        0x0
 *(.cybootloader)
                0x00000000                appl1_start = CY_APPL_ORIGIN?CY_APPL_ORIGIN:ALIGN (CY_FLASH_ROW_SIZE)
                0x0001ff00                appl2_start = (appl1_start + ALIGN ((((0x40000 - appl1_start) - (0x2 * CY_FLASH_ROW_SIZE)) / 0x2), CY_FLASH_ROW_SIZE))
                0x00000000                appl_start = (CY_APPL_NUM == 0x1)?appl1_start:appl2_start
                0x00000000                ecc_offset = ((appl_start / CY_FLASH_ROW_SIZE) * CY_ECC_ROW_SIZE)
                0x00000000                ee_offset = (CY_APPL_LOADABLE && ! (CY_EE_IN_BTLDR))?((CY_EE_SIZE / CY_APPL_MAX) * (CY_APPL_NUM - 0x1)):0x0
                0x00000800                ee_size = (CY_APPL_LOADABLE && ! (CY_EE_IN_BTLDR))?(CY_EE_SIZE / CY_APPL_MAX):CY_EE_SIZE
                0x00000000                PROVIDE (CY_ECC_OFFSET, ecc_offset)

.text           0x00000000     0x6648
 CREATE_OBJECT_SYMBOLS
                0x00000000                PROVIDE (__cy_interrupt_vector, RomVectors)
 *(.romvectors)
 .romvectors    0x00000000       0x10 .\CortexM3\ARM_GCC_493\Debug\Cm3Start.o
                0x00000000                RomVectors
                0x00000001                ASSERT ((. != __cy_interrupt_vector), No interrupt vector)
                0x00000001                ASSERT (CY_APPL_ORIGIN?(SIZEOF (.cybootloader) <= CY_APPL_ORIGIN):0x1, Wrong image location)
                0x00000010                PROVIDE (__cy_reset, Reset)
 *(.text.Reset)
 .text.Reset    0x00000010       0x18 .\CortexM3\ARM_GCC_493\Debug\Cm3Start.o
                0x00000010                Reset
                0x00000001                ASSERT ((. != __cy_reset), No reset code)
 *(.dma_init)
                0x00000001                ASSERT ((((appl_start + .) <= 0x10000) || 0x1), DMA Init must be within the first 64k of flash)
 *(.text .text.* .gnu.linkonce.t.*)
 .text          0x00000028       0x5c c:/program files (x86)/cypress/psoc creator/3.3/psoc creator/import/gnu/arm/4.9.3/bin/../lib/gcc/arm-none-eabi/4.9.3/armv7-m/crtbegin.o
 .text.InitProject
                0x00000084       0x38 .\CortexM3\ARM_GCC_493\Debug\main.o
                0x00000084                InitProject
 .text.main     0x000000bc       0xa0 .\CortexM3\ARM_GCC_493\Debug\main.o
                0x000000bc                main
 .text.write8_a0
                0x0000015c       0x1c .\CortexM3\ARM_GCC_493\Debug\tft.o
                0x0000015c                write8_a0
 .text.write8_a1
                0x00000178       0x1c .\CortexM3\ARM_GCC_493\Debug\tft.o
                0x00000178                write8_a1
 .text.writeM8_a1
                0x00000194       0x28 .\CortexM3\ARM_GCC_493\Debug\tft.o
                0x00000194                writeM8_a1
 .text.read8_a1
                0x000001bc        0x4 .\CortexM3\ARM_GCC_493\Debug\tft.o
                0x000001bc                read8_a1
 .text.readM8_a1
                0x000001c0        0x4 .\CortexM3\ARM_GCC_493\Debug\tft.o
                0x000001c0                readM8_a1
 .text.tftStart
                0x000001c4       0x3c .\CortexM3\ARM_GCC_493\Debug\tft.o
                0x000001c4                tftStart
 .text.GUI_X_Systick_Intr
                0x00000200       0x10 .\CortexM3\ARM_GCC_493\Debug\GUI_X.o
                0x00000200                GUI_X_Systick_Intr
 .text.GUI_X_Systick_Init
                0x00000210       0x34 .\CortexM3\ARM_GCC_493\Debug\GUI_X.o
                0x00000210                GUI_X_Systick_Init
 .text.GUI_X_Init
                0x00000244        0x8 .\CortexM3\ARM_GCC_493\Debug\GUI_X.o
                0x00000244                GUI_X_Init
 .text.GUI_X_Config
                0x0000024c       0x1c .\CortexM3\ARM_GCC_493\Debug\GUIConf.o
                0x0000024c                GUI_X_Config
 .text._InitController
                0x00000268        0x8 .\CortexM3\ARM_GCC_493\Debug\LCDConf.o
 .text.LCD_X_Config
                0x00000270       0x94 .\CortexM3\ARM_GCC_493\Debug\LCDConf.o
                0x00000270                LCD_X_Config
 .text.LCD_X_DisplayDriver
                0x00000304       0x14 .\CortexM3\ARM_GCC_493\Debug\LCDConf.o
                0x00000304                LCD_X_DisplayDriver
 .text.IntDefaultHandler
                0x00000318        0x4 .\CortexM3\ARM_GCC_493\Debug\Cm3Start.o
                0x00000318                IntDefaultHandler
 .text.Start_c  0x0000031c       0x4c .\CortexM3\ARM_GCC_493\Debug\Cm3Start.o
                0x0000031c                Start_c
 .text.initialize_psoc
                0x00000368       0x74 .\CortexM3\ARM_GCC_493\Debug\Cm3Start.o
                0x00000368                initialize_psoc
 .text.CyClockStartupError
                0x000003dc        0x4 .\CortexM3\ARM_GCC_493\Debug\Guitar Learner.a(cyfitter_cfg.o)
 .text.cfg_write_bytes32
                0x000003e0       0x34 .\CortexM3\ARM_GCC_493\Debug\Guitar Learner.a(cyfitter_cfg.o)
 .text.AnalogSetDefault
                0x00000414       0x38 .\CortexM3\ARM_GCC_493\Debug\Guitar Learner.a(cyfitter_cfg.o)
 .text.CYMEMZERO
                0x0000044c        0xc .\CortexM3\ARM_GCC_493\Debug\Guitar Learner.a(cyfitter_cfg.o)
 .text.CYCONFIGCPY
                0x00000458        0x8 .\CortexM3\ARM_GCC_493\Debug\Guitar Learner.a(cyfitter_cfg.o)
 .text.ClockSetup
                0x00000460       0xf0 .\CortexM3\ARM_GCC_493\Debug\Guitar Learner.a(cyfitter_cfg.o)
 .text.AMux_1_Set
                0x00000550       0x38 .\CortexM3\ARM_GCC_493\Debug\Guitar Learner.a(cyfitter_cfg.o)
                0x00000550                AMux_1_Set
 .text.AMux_1_Unset
                0x00000588       0x3c .\CortexM3\ARM_GCC_493\Debug\Guitar Learner.a(cyfitter_cfg.o)
                0x00000588                AMux_1_Unset
 .text.ADC_SOUND_IN_AMux_Set
                0x000005c4       0x20 .\CortexM3\ARM_GCC_493\Debug\Guitar Learner.a(cyfitter_cfg.o)
                0x000005c4                ADC_SOUND_IN_AMux_Set
 .text.ADC_SOUND_IN_AMux_Unset
                0x000005e4       0x20 .\CortexM3\ARM_GCC_493\Debug\Guitar Learner.a(cyfitter_cfg.o)
                0x000005e4                ADC_SOUND_IN_AMux_Unset
 .text.cyfitter_cfg
                0x00000604      0x148 .\CortexM3\ARM_GCC_493\Debug\Guitar Learner.a(cyfitter_cfg.o)
                0x00000604                cyfitter_cfg
 .text.SPIM_1_Enable
                0x0000074c       0x34 .\CortexM3\ARM_GCC_493\Debug\Guitar Learner.a(SPIM_1.o)
                0x0000074c                SPIM_1_Enable
 .text.SPIM_1_ReadTxStatus
                0x00000780        0xc .\CortexM3\ARM_GCC_493\Debug\Guitar Learner.a(SPIM_1.o)
                0x00000780                SPIM_1_ReadTxStatus
 .text.SPIM_1_ReadRxStatus
                0x0000078c        0xc .\CortexM3\ARM_GCC_493\Debug\Guitar Learner.a(SPIM_1.o)
                0x0000078c                SPIM_1_ReadRxStatus
 .text.SPIM_1_WriteTxData
                0x00000798       0x18 .\CortexM3\ARM_GCC_493\Debug\Guitar Learner.a(SPIM_1.o)
                0x00000798                SPIM_1_WriteTxData
 .text.SPIM_1_ClearFIFO
                0x000007b0       0x3c .\CortexM3\ARM_GCC_493\Debug\Guitar Learner.a(SPIM_1.o)
                0x000007b0                SPIM_1_ClearFIFO
 .text.SPIM_1_Init
                0x000007ec       0x28 .\CortexM3\ARM_GCC_493\Debug\Guitar Learner.a(SPIM_1.o)
                0x000007ec                SPIM_1_Init
 .text.SPIM_1_Start
                0x00000814       0x1c .\CortexM3\ARM_GCC_493\Debug\Guitar Learner.a(SPIM_1.o)
                0x00000814                SPIM_1_Start
 .text.SPIM_1_IntClock_Start
                0x00000830       0x1c .\CortexM3\ARM_GCC_493\Debug\Guitar Learner.a(SPIM_1_IntClock.o)
                0x00000830                SPIM_1_IntClock_Start
 *fill*         0x0000084c        0x4 
 .text          0x00000850       0x20 .\CortexM3\ARM_GCC_493\Debug\Guitar Learner.a(CyBootAsmGnu.o)
                0x00000850                CyDelayCycles
                0x00000860                CyEnterCriticalSection
                0x00000868                CyExitCriticalSection
 .text.CyHalt   0x00000870        0x4 .\CortexM3\ARM_GCC_493\Debug\Guitar Learner.a(CyLib.o)
                0x00000870                CyHalt
 .text.CyDelay  0x00000874       0x2c .\CortexM3\ARM_GCC_493\Debug\Guitar Learner.a(CyLib.o)
                0x00000874                CyDelay
 .text.CyDelayUs
                0x000008a0       0x14 .\CortexM3\ARM_GCC_493\Debug\Guitar Learner.a(CyLib.o)
                0x000008a0                CyDelayUs
 .text.CyIntSetSysVector
                0x000008b4       0x28 .\CortexM3\ARM_GCC_493\Debug\Guitar Learner.a(CyLib.o)
                0x000008b4                CyIntSetSysVector
 .text.CyIntSetVector
                0x000008dc       0x28 .\CortexM3\ARM_GCC_493\Debug\Guitar Learner.a(CyLib.o)
                0x000008dc                CyIntSetVector
 .text.CyIntSetPriority
                0x00000904       0x30 .\CortexM3\ARM_GCC_493\Debug\Guitar Learner.a(CyLib.o)
                0x00000904                CyIntSetPriority
 .text.CySysTickEnableInterrupt
                0x00000934       0x10 .\CortexM3\ARM_GCC_493\Debug\Guitar Learner.a(CyLib.o)
                0x00000934                CySysTickEnableInterrupt
 .text.CySysTickEnable
                0x00000944       0x18 .\CortexM3\ARM_GCC_493\Debug\Guitar Learner.a(CyLib.o)
                0x00000944                CySysTickEnable
 .text.CySysTickSetReload
                0x0000095c       0x10 .\CortexM3\ARM_GCC_493\Debug\Guitar Learner.a(CyLib.o)
                0x0000095c                CySysTickSetReload
 .text.CySysTickSetClockSource
                0x0000096c       0x20 .\CortexM3\ARM_GCC_493\Debug\Guitar Learner.a(CyLib.o)
                0x0000096c                CySysTickSetClockSource
 .text.CySysTickGetCountFlag
                0x0000098c       0x10 .\CortexM3\ARM_GCC_493\Debug\Guitar Learner.a(CyLib.o)
                0x0000098c                CySysTickGetCountFlag
 .text.CySysTickServiceCallbacks
                0x0000099c       0x28 .\CortexM3\ARM_GCC_493\Debug\Guitar Learner.a(CyLib.o)
 .text.CySysTickClear
                0x000009c4        0xc .\CortexM3\ARM_GCC_493\Debug\Guitar Learner.a(CyLib.o)
                0x000009c4                CySysTickClear
 .text.CySysTickInit
                0x000009d0       0x58 .\CortexM3\ARM_GCC_493\Debug\Guitar Learner.a(CyLib.o)
                0x000009d0                CySysTickInit
 .text.CySysTickStart
                0x00000a28       0x1c .\CortexM3\ARM_GCC_493\Debug\Guitar Learner.a(CyLib.o)
                0x00000a28                CySysTickStart
 .text.CySysTickSetCallback
                0x00000a44       0x10 .\CortexM3\ARM_GCC_493\Debug\Guitar Learner.a(CyLib.o)
                0x00000a44                CySysTickSetCallback
 .text.CySysTickGetCallback
                0x00000a54       0x10 .\CortexM3\ARM_GCC_493\Debug\Guitar Learner.a(CyLib.o)
                0x00000a54                CySysTickGetCallback
 .text.DAC_SOUND_OUT_Enable
                0x00000a64       0x1c .\CortexM3\ARM_GCC_493\Debug\Guitar Learner.a(DAC_SOUND_OUT.o)
                0x00000a64                DAC_SOUND_OUT_Enable
 .text.DAC_SOUND_OUT_SetSpeed
                0x00000a80       0x1c .\CortexM3\ARM_GCC_493\Debug\Guitar Learner.a(DAC_SOUND_OUT.o)
                0x00000a80                DAC_SOUND_OUT_SetSpeed
 .text.DAC_SOUND_OUT_SetValue
                0x00000a9c        0xc .\CortexM3\ARM_GCC_493\Debug\Guitar Learner.a(DAC_SOUND_OUT.o)
                0x00000a9c                DAC_SOUND_OUT_SetValue
 .text.DAC_SOUND_OUT_DacTrim
                0x00000aa8       0x24 .\CortexM3\ARM_GCC_493\Debug\Guitar Learner.a(DAC_SOUND_OUT.o)
                0x00000aa8                DAC_SOUND_OUT_DacTrim
 .text.DAC_SOUND_OUT_SetRange
                0x00000acc       0x20 .\CortexM3\ARM_GCC_493\Debug\Guitar Learner.a(DAC_SOUND_OUT.o)
                0x00000acc                DAC_SOUND_OUT_SetRange
 .text.DAC_SOUND_OUT_Init
                0x00000aec       0x20 .\CortexM3\ARM_GCC_493\Debug\Guitar Learner.a(DAC_SOUND_OUT.o)
                0x00000aec                DAC_SOUND_OUT_Init
 .text.DAC_SOUND_OUT_Start
                0x00000b0c       0x24 .\CortexM3\ARM_GCC_493\Debug\Guitar Learner.a(DAC_SOUND_OUT.o)
                0x00000b0c                DAC_SOUND_OUT_Start
 .text.BTN_DAW_Read
                0x00000b30       0x10 .\CortexM3\ARM_GCC_493\Debug\Guitar Learner.a(BTN_DAW.o)
                0x00000b30                BTN_DAW_Read
 .text.BTN_LEARN_Read
                0x00000b40       0x10 .\CortexM3\ARM_GCC_493\Debug\Guitar Learner.a(BTN_LEARN.o)
                0x00000b40                BTN_LEARN_Read
 .text.ADC_SOUND_IN_GainCompensation
                0x00000b50       0xcc .\CortexM3\ARM_GCC_493\Debug\Guitar Learner.a(ADC_SOUND_IN.o)
 .text.ADC_SOUND_IN_SetDSMRef0Reg
                0x00000c1c       0x4c .\CortexM3\ARM_GCC_493\Debug\Guitar Learner.a(ADC_SOUND_IN.o)
 .text.ADC_SOUND_IN_InitConfig
                0x00000c68       0xe4 .\CortexM3\ARM_GCC_493\Debug\Guitar Learner.a(ADC_SOUND_IN.o)
 .text.ADC_SOUND_IN_Init
                0x00000d4c       0xc4 .\CortexM3\ARM_GCC_493\Debug\Guitar Learner.a(ADC_SOUND_IN.o)
                0x00000d4c                ADC_SOUND_IN_Init
 .text.ADC_SOUND_IN_Enable
                0x00000e10       0xd8 .\CortexM3\ARM_GCC_493\Debug\Guitar Learner.a(ADC_SOUND_IN.o)
                0x00000e10                ADC_SOUND_IN_Enable
 .text.ADC_SOUND_IN_Start
                0x00000ee8       0x28 .\CortexM3\ARM_GCC_493\Debug\Guitar Learner.a(ADC_SOUND_IN.o)
                0x00000ee8                ADC_SOUND_IN_Start
 .text.ADC_SOUND_IN_StartConvert
                0x00000f10       0x10 .\CortexM3\ARM_GCC_493\Debug\Guitar Learner.a(ADC_SOUND_IN.o)
                0x00000f10                ADC_SOUND_IN_StartConvert
 .text.ADC_SOUND_IN_IsEndConversion
                0x00000f20       0x30 .\CortexM3\ARM_GCC_493\Debug\Guitar Learner.a(ADC_SOUND_IN.o)
                0x00000f20                ADC_SOUND_IN_IsEndConversion
 .text.ADC_SOUND_IN_GetResult16
                0x00000f50       0x50 .\CortexM3\ARM_GCC_493\Debug\Guitar Learner.a(ADC_SOUND_IN.o)
                0x00000f50                ADC_SOUND_IN_GetResult16
 .text.ADC_SOUND_IN_ISR1
                0x00000fa0        0x4 .\CortexM3\ARM_GCC_493\Debug\Guitar Learner.a(ADC_SOUND_IN_INT.o)
                0x00000fa0                ADC_SOUND_IN_ISR1
 .text.LCD_Char_1_WrCntrlNib
                0x00000fa4       0x34 .\CortexM3\ARM_GCC_493\Debug\Guitar Learner.a(LCD_Char_1.o)
 .text.LCD_Char_1_WrDatNib
                0x00000fd8       0x44 .\CortexM3\ARM_GCC_493\Debug\Guitar Learner.a(LCD_Char_1.o)
 .text.LCD_Char_1_IsReady
                0x0000101c       0xe4 .\CortexM3\ARM_GCC_493\Debug\Guitar Learner.a(LCD_Char_1.o)
                0x0000101c                LCD_Char_1_IsReady
 .text.LCD_Char_1_WriteData
                0x00001100       0x18 .\CortexM3\ARM_GCC_493\Debug\Guitar Learner.a(LCD_Char_1.o)
                0x00001100                LCD_Char_1_WriteData
 .text.LCD_Char_1_PrintString
                0x00001118       0x1c .\CortexM3\ARM_GCC_493\Debug\Guitar Learner.a(LCD_Char_1.o)
                0x00001118                LCD_Char_1_PrintString
 .text.LCD_Char_1_WriteControl
                0x00001134       0x18 .\CortexM3\ARM_GCC_493\Debug\Guitar Learner.a(LCD_Char_1.o)
                0x00001134                LCD_Char_1_WriteControl
 .text.LCD_Char_1_Init
                0x0000114c       0x6c .\CortexM3\ARM_GCC_493\Debug\Guitar Learner.a(LCD_Char_1.o)
                0x0000114c                LCD_Char_1_Init
 .text.LCD_Char_1_Enable
                0x000011b8       0x14 .\CortexM3\ARM_GCC_493\Debug\Guitar Learner.a(LCD_Char_1.o)
                0x000011b8                LCD_Char_1_Enable
 .text.LCD_Char_1_Start
                0x000011cc       0x1c .\CortexM3\ARM_GCC_493\Debug\Guitar Learner.a(LCD_Char_1.o)
                0x000011cc                LCD_Char_1_Start
 .text.LCD_Char_1_Position
                0x000011e8       0x3c .\CortexM3\ARM_GCC_493\Debug\Guitar Learner.a(LCD_Char_1.o)
                0x000011e8                LCD_Char_1_Position
 .text.LCD_Char_1_PrintU32Number
                0x00001224       0x60 .\CortexM3\ARM_GCC_493\Debug\Guitar Learner.a(LCD_Char_1.o)
                0x00001224                LCD_Char_1_PrintU32Number
 .text.AMux_1_Start
                0x00001284       0x20 .\CortexM3\ARM_GCC_493\Debug\Guitar Learner.a(AMux_1.o)
                0x00001284                AMux_1_Start
 .text.AMux_1_Select
                0x000012a4       0x18 .\CortexM3\ARM_GCC_493\Debug\Guitar Learner.a(AMux_1.o)
                0x000012a4                AMux_1_Select
 .text.LED_GREEN_Write
                0x000012bc       0x18 .\CortexM3\ARM_GCC_493\Debug\Guitar Learner.a(LED_GREEN.o)
                0x000012bc                LED_GREEN_Write
 .text.LED_YELLOW_Write
                0x000012d4       0x18 .\CortexM3\ARM_GCC_493\Debug\Guitar Learner.a(LED_YELLOW.o)
                0x000012d4                LED_YELLOW_Write
 .text.LED_RED_Write
                0x000012ec       0x18 .\CortexM3\ARM_GCC_493\Debug\Guitar Learner.a(LED_RED.o)
                0x000012ec                LED_RED_Write
 .text.TFT_DC_Write
                0x00001304       0x18 .\CortexM3\ARM_GCC_493\Debug\Guitar Learner.a(TFT_DC.o)
                0x00001304                TFT_DC_Write
 .text.ADC_SOUND_IN_AMux_Start
                0x0000131c       0x20 .\CortexM3\ARM_GCC_493\Debug\Guitar Learner.a(ADC_SOUND_IN_AMux.o)
                0x0000131c                ADC_SOUND_IN_AMux_Start
 .text.ADC_SOUND_IN_AMux_Select
                0x0000133c       0x18 .\CortexM3\ARM_GCC_493\Debug\Guitar Learner.a(ADC_SOUND_IN_AMux.o)
                0x0000133c                ADC_SOUND_IN_AMux_Select
 .text.ADC_SOUND_IN_Ext_CP_Clk_GetDividerRegister
                0x00001354        0xc .\CortexM3\ARM_GCC_493\Debug\Guitar Learner.a(ADC_SOUND_IN_Ext_CP_Clk.o)
                0x00001354                ADC_SOUND_IN_Ext_CP_Clk_GetDividerRegister
 .text.ADC_SOUND_IN_Ext_CP_Clk_SetModeRegister
                0x00001360       0x14 .\CortexM3\ARM_GCC_493\Debug\Guitar Learner.a(ADC_SOUND_IN_Ext_CP_Clk.o)
                0x00001360                ADC_SOUND_IN_Ext_CP_Clk_SetModeRegister
 .text.ADC_SOUND_IN_Ext_CP_Clk_GetSourceRegister
                0x00001374       0x10 .\CortexM3\ARM_GCC_493\Debug\Guitar Learner.a(ADC_SOUND_IN_Ext_CP_Clk.o)
                0x00001374                ADC_SOUND_IN_Ext_CP_Clk_GetSourceRegister
 .text.ADC_SOUND_IN_Ext_CP_Clk_SetDividerRegister
                0x00001384       0xd8 .\CortexM3\ARM_GCC_493\Debug\Guitar Learner.a(ADC_SOUND_IN_Ext_CP_Clk.o)
                0x00001384                ADC_SOUND_IN_Ext_CP_Clk_SetDividerRegister
 .text.ADC_SOUND_IN_theACLK_GetDividerRegister
                0x0000145c        0xc .\CortexM3\ARM_GCC_493\Debug\Guitar Learner.a(ADC_SOUND_IN_theACLK.o)
                0x0000145c                ADC_SOUND_IN_theACLK_GetDividerRegister
 .text.ADC_SOUND_IN_theACLK_SetModeRegister
                0x00001468       0x14 .\CortexM3\ARM_GCC_493\Debug\Guitar Learner.a(ADC_SOUND_IN_theACLK.o)
                0x00001468                ADC_SOUND_IN_theACLK_SetModeRegister
 .text.ADC_SOUND_IN_theACLK_GetSourceRegister
                0x0000147c       0x10 .\CortexM3\ARM_GCC_493\Debug\Guitar Learner.a(ADC_SOUND_IN_theACLK.o)
                0x0000147c                ADC_SOUND_IN_theACLK_GetSourceRegister
 .text.ADC_SOUND_IN_theACLK_SetDividerRegister
                0x0000148c       0xd8 .\CortexM3\ARM_GCC_493\Debug\Guitar Learner.a(ADC_SOUND_IN_theACLK.o)
                0x0000148c                ADC_SOUND_IN_theACLK_SetDividerRegister
 .text._PushFreeBlock
                0x00001564       0x24 ..\..\emWinGraphics_v5_46\LinkLibrary\PSoC5\GCC\libemWin_nosnts_cm3_gcc.a(GUI_Alloc.o)
 .text._RemoveFreeBlock
                0x00001588       0x40 ..\..\emWinGraphics_v5_46\LinkLibrary\PSoC5\GCC\libemWin_nosnts_cm3_gcc.a(GUI_Alloc.o)
 .text._AddFreeMemory
                0x000015c8       0xa4 ..\..\emWinGraphics_v5_46\LinkLibrary\PSoC5\GCC\libemWin_nosnts_cm3_gcc.a(GUI_Alloc.o)
 .text._RemoveHoles
                0x0000166c       0x98 ..\..\emWinGraphics_v5_46\LinkLibrary\PSoC5\GCC\libemWin_nosnts_cm3_gcc.a(GUI_Alloc.o)
 .text.GUI_ALLOC_FreeFixedBlock
                0x00001704       0x14 ..\..\emWinGraphics_v5_46\LinkLibrary\PSoC5\GCC\libemWin_nosnts_cm3_gcc.a(GUI_Alloc.o)
                0x00001704                GUI_ALLOC_FreeFixedBlock
 .text.GUI_ALLOC_h2p
                0x00001718       0x14 ..\..\emWinGraphics_v5_46\LinkLibrary\PSoC5\GCC\libemWin_nosnts_cm3_gcc.a(GUI_Alloc.o)
                0x00001718                GUI_ALLOC_h2p
 .text.GUI_ALLOC_LockH
                0x0000172c       0x1c ..\..\emWinGraphics_v5_46\LinkLibrary\PSoC5\GCC\libemWin_nosnts_cm3_gcc.a(GUI_Alloc.o)
                0x0000172c                GUI_ALLOC_LockH
 .text.GUI_ALLOC_UnlockH
                0x00001748       0x30 ..\..\emWinGraphics_v5_46\LinkLibrary\PSoC5\GCC\libemWin_nosnts_cm3_gcc.a(GUI_Alloc.o)
                0x00001748                GUI_ALLOC_UnlockH
 .text.GUI_ALLOC_AssignMemory
                0x00001778       0x10 ..\..\emWinGraphics_v5_46\LinkLibrary\PSoC5\GCC\libemWin_nosnts_cm3_gcc.a(GUI_Alloc.o)
                0x00001778                GUI_ALLOC_AssignMemory
 .text.GUI_ALLOC_Free
                0x00001788       0x28 ..\..\emWinGraphics_v5_46\LinkLibrary\PSoC5\GCC\libemWin_nosnts_cm3_gcc.a(GUI_Alloc.o)
                0x00001788                GUI_ALLOC_Free
 .text._EnlargeBlocks
                0x000017b0       0x9c ..\..\emWinGraphics_v5_46\LinkLibrary\PSoC5\GCC\libemWin_nosnts_cm3_gcc.a(GUI_Alloc.o)
 .text._InitOnce
                0x0000184c       0x6c ..\..\emWinGraphics_v5_46\LinkLibrary\PSoC5\GCC\libemWin_nosnts_cm3_gcc.a(GUI_Alloc.o)
 .text.GUI_ALLOC_GetFixedBlock
                0x000018b8       0xa4 ..\..\emWinGraphics_v5_46\LinkLibrary\PSoC5\GCC\libemWin_nosnts_cm3_gcc.a(GUI_Alloc.o)
                0x000018b8                GUI_ALLOC_GetFixedBlock
 .text._Alloc   0x0000195c       0xf0 ..\..\emWinGraphics_v5_46\LinkLibrary\PSoC5\GCC\libemWin_nosnts_cm3_gcc.a(GUI_Alloc.o)
 .text.GUI_ALLOC_AllocNoInit
                0x00001a4c        0x8 ..\..\emWinGraphics_v5_46\LinkLibrary\PSoC5\GCC\libemWin_nosnts_cm3_gcc.a(GUI_Alloc.o)
                0x00001a4c                GUI_ALLOC_AllocNoInit
 .text.GUI_ALLOC_AllocZero
                0x00001a54       0x30 ..\..\emWinGraphics_v5_46\LinkLibrary\PSoC5\GCC\libemWin_nosnts_cm3_gcc.a(GUI_Alloc.o)
                0x00001a54                GUI_ALLOC_AllocZero
 .text.GUIMONO_DispChar
                0x00001a84      0x13c ..\..\emWinGraphics_v5_46\LinkLibrary\PSoC5\GCC\libemWin_nosnts_cm3_gcc.a(GUI_CharM.o)
                0x00001a84                GUIMONO_DispChar
 .text.GUIMONO_GetCharDistX
                0x00001bc0       0x18 ..\..\emWinGraphics_v5_46\LinkLibrary\PSoC5\GCC\libemWin_nosnts_cm3_gcc.a(GUI_CharM.o)
                0x00001bc0                GUIMONO_GetCharDistX
 .text.GUIMONO_GetFontInfo
                0x00001bd8        0x6 ..\..\emWinGraphics_v5_46\LinkLibrary\PSoC5\GCC\libemWin_nosnts_cm3_gcc.a(GUI_CharM.o)
                0x00001bd8                GUIMONO_GetFontInfo
 .text.GUIMONO_IsInFont
                0x00001bde       0x36 ..\..\emWinGraphics_v5_46\LinkLibrary\PSoC5\GCC\libemWin_nosnts_cm3_gcc.a(GUI_CharM.o)
                0x00001bde                GUIMONO_IsInFont
 .text.GUI_CalcColorDist
                0x00001c14       0x4e ..\..\emWinGraphics_v5_46\LinkLibrary\PSoC5\GCC\libemWin_nosnts_cm3_gcc.a(GUI_Common.o)
                0x00001c14                GUI_CalcColorDist
 .text.GUI_MergeRect
                0x00001c62       0x56 ..\..\emWinGraphics_v5_46\LinkLibrary\PSoC5\GCC\libemWin_nosnts_cm3_gcc.a(GUI_Common.o)
                0x00001c62                GUI_MergeRect
 .text.GUI_MoveRect
                0x00001cb8       0x20 ..\..\emWinGraphics_v5_46\LinkLibrary\PSoC5\GCC\libemWin_nosnts_cm3_gcc.a(GUI_Common.o)
                0x00001cb8                GUI_MoveRect
 .text.GUI_GotoXY
                0x00001cd8       0x10 ..\..\emWinGraphics_v5_46\LinkLibrary\PSoC5\GCC\libemWin_nosnts_cm3_gcc.a(GUI_Common.o)
                0x00001cd8                GUI_GotoXY
 .text.GUI_RectsIntersect
                0x00001ce8       0x3a ..\..\emWinGraphics_v5_46\LinkLibrary\PSoC5\GCC\libemWin_nosnts_cm3_gcc.a(GUI_Common.o)
                0x00001ce8                GUI_RectsIntersect
 .text.GUI_SelectLCD
                0x00001d22       0x12 ..\..\emWinGraphics_v5_46\LinkLibrary\PSoC5\GCC\libemWin_nosnts_cm3_gcc.a(GUI_Common.o)
                0x00001d22                GUI_SelectLCD
 .text.GUI_SetBkColor
                0x00001d34        0x4 ..\..\emWinGraphics_v5_46\LinkLibrary\PSoC5\GCC\libemWin_nosnts_cm3_gcc.a(GUI_Common.o)
                0x00001d34                GUI_SetBkColor
 .text.GUI_SetFont
                0x00001d38       0x14 ..\..\emWinGraphics_v5_46\LinkLibrary\PSoC5\GCC\libemWin_nosnts_cm3_gcc.a(GUI_Common.o)
                0x00001d38                GUI_SetFont
 .text.GUI_SetOrg
                0x00001d4c       0x38 ..\..\emWinGraphics_v5_46\LinkLibrary\PSoC5\GCC\libemWin_nosnts_cm3_gcc.a(GUI_Common.o)
                0x00001d4c                GUI_SetOrg
 .text._OnExit  0x00001d84       0x48 ..\..\emWinGraphics_v5_46\LinkLibrary\PSoC5\GCC\libemWin_nosnts_cm3_gcc.a(GUI_Core.o)
 .text.GUI_SetDefaultFont
                0x00001dcc        0xc ..\..\emWinGraphics_v5_46\LinkLibrary\PSoC5\GCC\libemWin_nosnts_cm3_gcc.a(GUI_Core.o)
                0x00001dcc                GUI_SetDefaultFont
 .text.GUI_ClearRect
                0x00001dd8       0x60 ..\..\emWinGraphics_v5_46\LinkLibrary\PSoC5\GCC\libemWin_nosnts_cm3_gcc.a(GUI_Core.o)
                0x00001dd8                GUI_ClearRect
 .text.GUI_Clear
                0x00001e38       0x20 ..\..\emWinGraphics_v5_46\LinkLibrary\PSoC5\GCC\libemWin_nosnts_cm3_gcc.a(GUI_Core.o)
                0x00001e38                GUI_Clear
 .text.GUI__RegisterExit
                0x00001e58       0x10 ..\..\emWinGraphics_v5_46\LinkLibrary\PSoC5\GCC\libemWin_nosnts_cm3_gcc.a(GUI_Core.o)
                0x00001e58                GUI__RegisterExit
 .text.GUI__Config
                0x00001e68       0x30 ..\..\emWinGraphics_v5_46\LinkLibrary\PSoC5\GCC\libemWin_nosnts_cm3_gcc.a(GUI_Core.o)
                0x00001e68                GUI__Config
 .text.GUI_Init
                0x00001e98       0xec ..\..\emWinGraphics_v5_46\LinkLibrary\PSoC5\GCC\libemWin_nosnts_cm3_gcc.a(GUI_Core.o)
                0x00001e98                GUI_Init
 .text.GUI_DEVICE__GetpDriver
                0x00001f84       0x20 ..\..\emWinGraphics_v5_46\LinkLibrary\PSoC5\GCC\libemWin_nosnts_cm3_gcc.a(GUI_Device.o)
                0x00001f84                GUI_DEVICE__GetpDriver
 .text.GUI_DEVICE_Delete
                0x00001fa4        0x4 ..\..\emWinGraphics_v5_46\LinkLibrary\PSoC5\GCC\libemWin_nosnts_cm3_gcc.a(GUI_Device.o)
                0x00001fa4                GUI_DEVICE_Delete
 .text.GUI_DEVICE_Create
                0x00001fa8       0x48 ..\..\emWinGraphics_v5_46\LinkLibrary\PSoC5\GCC\libemWin_nosnts_cm3_gcc.a(GUI_Device.o)
                0x00001fa8                GUI_DEVICE_Create
 .text.GUI_DEVICE_Unlink
                0x00001ff0       0x30 ..\..\emWinGraphics_v5_46\LinkLibrary\PSoC5\GCC\libemWin_nosnts_cm3_gcc.a(GUI_Device.o)
                0x00001ff0                GUI_DEVICE_Unlink
 .text.GUI_DEVICE_Link
                0x00002020       0x84 ..\..\emWinGraphics_v5_46\LinkLibrary\PSoC5\GCC\libemWin_nosnts_cm3_gcc.a(GUI_Device.o)
                0x00002020                GUI_DEVICE_Link
 .text.GUI_DEVICE_CreateAndLink
                0x000020a4       0x28 ..\..\emWinGraphics_v5_46\LinkLibrary\PSoC5\GCC\libemWin_nosnts_cm3_gcc.a(GUI_Device.o)
                0x000020a4                GUI_DEVICE_CreateAndLink
 .text.GUI_DispString
                0x000020cc      0x118 ..\..\emWinGraphics_v5_46\LinkLibrary\PSoC5\GCC\libemWin_nosnts_cm3_gcc.a(GUI_DispString.o)
                0x000020cc                GUI_DispString
 .text.GUI_DispStringAt
                0x000021e4       0x10 ..\..\emWinGraphics_v5_46\LinkLibrary\PSoC5\GCC\libemWin_nosnts_cm3_gcc.a(GUI_DispString.o)
                0x000021e4                GUI_DispStringAt
 .text.GUI_StoreKey
                0x000021f4       0x10 ..\..\emWinGraphics_v5_46\LinkLibrary\PSoC5\GCC\libemWin_nosnts_cm3_gcc.a(GUI_OnKey.o)
                0x000021f4                GUI_StoreKey
 .text.GUI_UC__GetCharCodeInc
                0x00002204       0x28 ..\..\emWinGraphics_v5_46\LinkLibrary\PSoC5\GCC\libemWin_nosnts_cm3_gcc.a(GUI_UC.o)
                0x00002204                GUI_UC__GetCharCodeInc
 .text.GUI_UC__NumChars2NumBytes
                0x0000222c       0x24 ..\..\emWinGraphics_v5_46\LinkLibrary\PSoC5\GCC\libemWin_nosnts_cm3_gcc.a(GUI_UC.o)
                0x0000222c                GUI_UC__NumChars2NumBytes
 .text._GetCharCode
                0x00002250        0x4 ..\..\emWinGraphics_v5_46\LinkLibrary\PSoC5\GCC\libemWin_nosnts_cm3_gcc.a(GUI_UC_EncodeNone.o)
 .text._GetCharSize
                0x00002254        0x4 ..\..\emWinGraphics_v5_46\LinkLibrary\PSoC5\GCC\libemWin_nosnts_cm3_gcc.a(GUI_UC_EncodeNone.o)
 .text._CalcSizeOfChar
                0x00002258        0x4 ..\..\emWinGraphics_v5_46\LinkLibrary\PSoC5\GCC\libemWin_nosnts_cm3_gcc.a(GUI_UC_EncodeNone.o)
 .text._Encode  0x0000225c        0x6 ..\..\emWinGraphics_v5_46\LinkLibrary\PSoC5\GCC\libemWin_nosnts_cm3_gcc.a(GUI_UC_EncodeNone.o)
 *fill*         0x00002262        0x2 
 .text.GUI_SignalEvent
                0x00002264       0x10 ..\..\emWinGraphics_v5_46\LinkLibrary\PSoC5\GCC\libemWin_nosnts_cm3_gcc.a(GUI_WaitEvent.o)
                0x00002264                GUI_SignalEvent
 .text.LCD_Index2Color_M565
                0x00002274       0x28 ..\..\emWinGraphics_v5_46\LinkLibrary\PSoC5\GCC\libemWin_nosnts_cm3_gcc.a(GUICC_M565.o)
                0x00002274                LCD_Index2Color_M565
 .text._Color2Index_M565
                0x0000229c       0x28 ..\..\emWinGraphics_v5_46\LinkLibrary\PSoC5\GCC\libemWin_nosnts_cm3_gcc.a(GUICC_M565.o)
 .text._GetIndexMask_M565
                0x000022c4        0x6 ..\..\emWinGraphics_v5_46\LinkLibrary\PSoC5\GCC\libemWin_nosnts_cm3_gcc.a(GUICC_M565.o)
 *fill*         0x000022ca        0x2 
 .text._Color2IndexBulk
                0x000022cc       0x5c ..\..\emWinGraphics_v5_46\LinkLibrary\PSoC5\GCC\libemWin_nosnts_cm3_gcc.a(GUICC_M565.o)
 .text._Index2ColorBulk
                0x00002328       0x64 ..\..\emWinGraphics_v5_46\LinkLibrary\PSoC5\GCC\libemWin_nosnts_cm3_gcc.a(GUICC_M565.o)
 .text._Log2PhysY_X1Y0S0
                0x0000238c        0x4 ..\..\emWinGraphics_v5_46\LinkLibrary\PSoC5\GCC\libemWin_nosnts_cm3_gcc.a(GUIDRV_FlexColor.o)
 .text._Log2PhysY_X1Y1S0
                0x00002390        0x8 ..\..\emWinGraphics_v5_46\LinkLibrary\PSoC5\GCC\libemWin_nosnts_cm3_gcc.a(GUIDRV_FlexColor.o)
 .text._Log2PhysY_X1Y0S1
                0x00002398        0x4 ..\..\emWinGraphics_v5_46\LinkLibrary\PSoC5\GCC\libemWin_nosnts_cm3_gcc.a(GUIDRV_FlexColor.o)
 .text._Log2PhysY_X1Y1S1
                0x0000239c        0x8 ..\..\emWinGraphics_v5_46\LinkLibrary\PSoC5\GCC\libemWin_nosnts_cm3_gcc.a(GUIDRV_FlexColor.o)
 .text._SetPixelIndex
                0x000023a4        0xe ..\..\emWinGraphics_v5_46\LinkLibrary\PSoC5\GCC\libemWin_nosnts_cm3_gcc.a(GUIDRV_FlexColor.o)
 .text._GetPixelIndex
                0x000023b2        0x8 ..\..\emWinGraphics_v5_46\LinkLibrary\PSoC5\GCC\libemWin_nosnts_cm3_gcc.a(GUIDRV_FlexColor.o)
 .text._XorPixel
                0x000023ba       0x24 ..\..\emWinGraphics_v5_46\LinkLibrary\PSoC5\GCC\libemWin_nosnts_cm3_gcc.a(GUIDRV_FlexColor.o)
 .text._DrawHLine
                0x000023de       0x10 ..\..\emWinGraphics_v5_46\LinkLibrary\PSoC5\GCC\libemWin_nosnts_cm3_gcc.a(GUIDRV_FlexColor.o)
 .text._DrawVLine
                0x000023ee       0x12 ..\..\emWinGraphics_v5_46\LinkLibrary\PSoC5\GCC\libemWin_nosnts_cm3_gcc.a(GUIDRV_FlexColor.o)
 .text._FillRect
                0x00002400        0xe ..\..\emWinGraphics_v5_46\LinkLibrary\PSoC5\GCC\libemWin_nosnts_cm3_gcc.a(GUIDRV_FlexColor.o)
 .text._DrawBitmap
                0x0000240e        0xe ..\..\emWinGraphics_v5_46\LinkLibrary\PSoC5\GCC\libemWin_nosnts_cm3_gcc.a(GUIDRV_FlexColor.o)
 .text._GetDevFunc_SetRect
                0x0000241c        0x2 ..\..\emWinGraphics_v5_46\LinkLibrary\PSoC5\GCC\libemWin_nosnts_cm3_gcc.a(GUIDRV_FlexColor.o)
 *fill*         0x0000241e        0x2 
 .text._GetDevFunc_SetRectOutside
                0x00002420       0x40 ..\..\emWinGraphics_v5_46\LinkLibrary\PSoC5\GCC\libemWin_nosnts_cm3_gcc.a(GUIDRV_FlexColor.o)
 .text._ReadPixelCust_16bpp
                0x00002460        0xa ..\..\emWinGraphics_v5_46\LinkLibrary\PSoC5\GCC\libemWin_nosnts_cm3_gcc.a(GUIDRV_FlexColor.o)
 .text._ReadPixelCust_18bpp
                0x0000246a        0xa ..\..\emWinGraphics_v5_46\LinkLibrary\PSoC5\GCC\libemWin_nosnts_cm3_gcc.a(GUIDRV_FlexColor.o)
 .text._ReadRectCust_16bpp
                0x00002474       0x3a ..\..\emWinGraphics_v5_46\LinkLibrary\PSoC5\GCC\libemWin_nosnts_cm3_gcc.a(GUIDRV_FlexColor.o)
 .text._ReadRectCust_18bpp
                0x000024ae       0x3a ..\..\emWinGraphics_v5_46\LinkLibrary\PSoC5\GCC\libemWin_nosnts_cm3_gcc.a(GUIDRV_FlexColor.o)
 .text._GetDevFunc
                0x000024e8       0x7c ..\..\emWinGraphics_v5_46\LinkLibrary\PSoC5\GCC\libemWin_nosnts_cm3_gcc.a(GUIDRV_FlexColor.o)
 .text._GetDevProp
                0x00002564       0x5a ..\..\emWinGraphics_v5_46\LinkLibrary\PSoC5\GCC\libemWin_nosnts_cm3_gcc.a(GUIDRV_FlexColor.o)
 .text._GetDevData
                0x000025be        0xc ..\..\emWinGraphics_v5_46\LinkLibrary\PSoC5\GCC\libemWin_nosnts_cm3_gcc.a(GUIDRV_FlexColor.o)
 .text._GetRect
                0x000025ca       0x16 ..\..\emWinGraphics_v5_46\LinkLibrary\PSoC5\GCC\libemWin_nosnts_cm3_gcc.a(GUIDRV_FlexColor.o)
 .text.GUIDRV_FlexColor__SetLog2Phys
                0x000025e0       0x48 ..\..\emWinGraphics_v5_46\LinkLibrary\PSoC5\GCC\libemWin_nosnts_cm3_gcc.a(GUIDRV_FlexColor.o)
                0x000025e0                GUIDRV_FlexColor__SetLog2Phys
 .text._SetOrg  0x00002628       0x16 ..\..\emWinGraphics_v5_46\LinkLibrary\PSoC5\GCC\libemWin_nosnts_cm3_gcc.a(GUIDRV_FlexColor.o)
 .text._Log2PhysY_X0Y0S1
                0x0000263e        0x4 ..\..\emWinGraphics_v5_46\LinkLibrary\PSoC5\GCC\libemWin_nosnts_cm3_gcc.a(GUIDRV_FlexColor.o)
 .text._Log2PhysX_X0Y0S0
                0x00002642        0x4 ..\..\emWinGraphics_v5_46\LinkLibrary\PSoC5\GCC\libemWin_nosnts_cm3_gcc.a(GUIDRV_FlexColor.o)
 .text._Log2PhysX_X0Y1S0
                0x00002646        0x4 ..\..\emWinGraphics_v5_46\LinkLibrary\PSoC5\GCC\libemWin_nosnts_cm3_gcc.a(GUIDRV_FlexColor.o)
 .text._Log2PhysX_X0Y0S1
                0x0000264a        0x4 ..\..\emWinGraphics_v5_46\LinkLibrary\PSoC5\GCC\libemWin_nosnts_cm3_gcc.a(GUIDRV_FlexColor.o)
 .text._Log2PhysX_X0Y1S1
                0x0000264e        0x4 ..\..\emWinGraphics_v5_46\LinkLibrary\PSoC5\GCC\libemWin_nosnts_cm3_gcc.a(GUIDRV_FlexColor.o)
 .text._Log2PhysY_X0Y0S0
                0x00002652        0x4 ..\..\emWinGraphics_v5_46\LinkLibrary\PSoC5\GCC\libemWin_nosnts_cm3_gcc.a(GUIDRV_FlexColor.o)
 .text._Log2PhysY_X0Y1S0
                0x00002656        0x8 ..\..\emWinGraphics_v5_46\LinkLibrary\PSoC5\GCC\libemWin_nosnts_cm3_gcc.a(GUIDRV_FlexColor.o)
 .text._Log2PhysX_X1Y0S0
                0x0000265e        0x8 ..\..\emWinGraphics_v5_46\LinkLibrary\PSoC5\GCC\libemWin_nosnts_cm3_gcc.a(GUIDRV_FlexColor.o)
 .text._Log2PhysX_X1Y1S0
                0x00002666        0x8 ..\..\emWinGraphics_v5_46\LinkLibrary\PSoC5\GCC\libemWin_nosnts_cm3_gcc.a(GUIDRV_FlexColor.o)
 .text._Log2PhysX_X1Y0S1
                0x0000266e        0x8 ..\..\emWinGraphics_v5_46\LinkLibrary\PSoC5\GCC\libemWin_nosnts_cm3_gcc.a(GUIDRV_FlexColor.o)
 .text._Log2PhysX_X1Y1S1
                0x00002676        0x8 ..\..\emWinGraphics_v5_46\LinkLibrary\PSoC5\GCC\libemWin_nosnts_cm3_gcc.a(GUIDRV_FlexColor.o)
 .text._Log2PhysY_X0Y1S1
                0x0000267e        0x8 ..\..\emWinGraphics_v5_46\LinkLibrary\PSoC5\GCC\libemWin_nosnts_cm3_gcc.a(GUIDRV_FlexColor.o)
 .text.GUIDRV_FlexColor__SetPixelIndexNoCache
                0x00002686       0x88 ..\..\emWinGraphics_v5_46\LinkLibrary\PSoC5\GCC\libemWin_nosnts_cm3_gcc.a(GUIDRV_FlexColor.o)
                0x00002686                GUIDRV_FlexColor__SetPixelIndexNoCache
 .text.GUIDRV_FlexColor__GetPixelIndexNoCache
                0x0000270e       0xb2 ..\..\emWinGraphics_v5_46\LinkLibrary\PSoC5\GCC\libemWin_nosnts_cm3_gcc.a(GUIDRV_FlexColor.o)
                0x0000270e                GUIDRV_FlexColor__GetPixelIndexNoCache
 .text.GUIDRV_FlexColor__InitOnce
                0x000027c0       0x3c ..\..\emWinGraphics_v5_46\LinkLibrary\PSoC5\GCC\libemWin_nosnts_cm3_gcc.a(GUIDRV_FlexColor.o)
                0x000027c0                GUIDRV_FlexColor__InitOnce
 .text._SetDevFunc
                0x000027fc       0x9c ..\..\emWinGraphics_v5_46\LinkLibrary\PSoC5\GCC\libemWin_nosnts_cm3_gcc.a(GUIDRV_FlexColor.o)
 .text._GetDevFunc_Init
                0x00002898       0x5a ..\..\emWinGraphics_v5_46\LinkLibrary\PSoC5\GCC\libemWin_nosnts_cm3_gcc.a(GUIDRV_FlexColor.o)
 .text._GetDevFunc_SetSize
                0x000028f2       0x14 ..\..\emWinGraphics_v5_46\LinkLibrary\PSoC5\GCC\libemWin_nosnts_cm3_gcc.a(GUIDRV_FlexColor.o)
 .text._GetDevFunc_SetVSize
                0x00002906       0x14 ..\..\emWinGraphics_v5_46\LinkLibrary\PSoC5\GCC\libemWin_nosnts_cm3_gcc.a(GUIDRV_FlexColor.o)
 .text._GetDevFunc_Off
                0x0000291a       0x16 ..\..\emWinGraphics_v5_46\LinkLibrary\PSoC5\GCC\libemWin_nosnts_cm3_gcc.a(GUIDRV_FlexColor.o)
 .text._GetDevFunc_On
                0x00002930       0x16 ..\..\emWinGraphics_v5_46\LinkLibrary\PSoC5\GCC\libemWin_nosnts_cm3_gcc.a(GUIDRV_FlexColor.o)
 .text.GUIDRV_FlexColor_Config
                0x00002946       0x3c ..\..\emWinGraphics_v5_46\LinkLibrary\PSoC5\GCC\libemWin_nosnts_cm3_gcc.a(GUIDRV_FlexColor.o)
                0x00002946                GUIDRV_FlexColor_Config
 .text.GUIDRV_FlexColor_SetFunc
                0x00002982       0x32 ..\..\emWinGraphics_v5_46\LinkLibrary\PSoC5\GCC\libemWin_nosnts_cm3_gcc.a(GUIDRV_FlexColor.o)
                0x00002982                GUIDRV_FlexColor_SetFunc
 .text._WriteU16_A1
                0x000029b4       0x14 ..\..\emWinGraphics_v5_46\LinkLibrary\PSoC5\GCC\libemWin_nosnts_cm3_gcc.a(GUIDRV_FlexColor_16bpp_C0B8.o)
 .text._WriteDataMP
                0x000029c8       0x4e ..\..\emWinGraphics_v5_46\LinkLibrary\PSoC5\GCC\libemWin_nosnts_cm3_gcc.a(GUIDRV_FlexColor_16bpp_C0B8.o)
 .text._ReadData
                0x00002a16        0xa ..\..\emWinGraphics_v5_46\LinkLibrary\PSoC5\GCC\libemWin_nosnts_cm3_gcc.a(GUIDRV_FlexColor_16bpp_C0B8.o)
 .text._WriteData
                0x00002a20        0x6 ..\..\emWinGraphics_v5_46\LinkLibrary\PSoC5\GCC\libemWin_nosnts_cm3_gcc.a(GUIDRV_FlexColor_16bpp_C0B8.o)
 *fill*         0x00002a26        0x2 
 .text._FillRect
                0x00002a28      0x104 ..\..\emWinGraphics_v5_46\LinkLibrary\PSoC5\GCC\libemWin_nosnts_cm3_gcc.a(GUIDRV_FlexColor_16bpp_C0B8.o)
 .text._DrawBitmap
                0x00002b2c      0x528 ..\..\emWinGraphics_v5_46\LinkLibrary\PSoC5\GCC\libemWin_nosnts_cm3_gcc.a(GUIDRV_FlexColor_16bpp_C0B8.o)
 .text.GUIDRV_FlexColor_SetMode16bppC0B8
                0x00003054       0x68 ..\..\emWinGraphics_v5_46\LinkLibrary\PSoC5\GCC\libemWin_nosnts_cm3_gcc.a(GUIDRV_FlexColor_16bpp_C0B8.o)
                0x00003054                GUIDRV_FlexColor_SetMode16bppC0B8
 .text._SetPhysRAMAddr
                0x000030bc       0xa6 ..\..\emWinGraphics_v5_46\LinkLibrary\PSoC5\GCC\libemWin_nosnts_cm3_gcc.a(GUIDRV_FlexColor_Func66709.o)
 .text._SetRect
                0x00003162       0xa6 ..\..\emWinGraphics_v5_46\LinkLibrary\PSoC5\GCC\libemWin_nosnts_cm3_gcc.a(GUIDRV_FlexColor_Func66709.o)
 .text._SetOrientation
                0x00003208       0x40 ..\..\emWinGraphics_v5_46\LinkLibrary\PSoC5\GCC\libemWin_nosnts_cm3_gcc.a(GUIDRV_FlexColor_Func66709.o)
 .text._ReadPixel_16bpp_B8
                0x00003248       0x38 ..\..\emWinGraphics_v5_46\LinkLibrary\PSoC5\GCC\libemWin_nosnts_cm3_gcc.a(GUIDRV_FlexColor_Func66709.o)
 .text._ReadPixel_16bpp_B16_I
                0x00003280       0x3c ..\..\emWinGraphics_v5_46\LinkLibrary\PSoC5\GCC\libemWin_nosnts_cm3_gcc.a(GUIDRV_FlexColor_Func66709.o)
 .text._SetReg_B8
                0x000032bc       0x1a ..\..\emWinGraphics_v5_46\LinkLibrary\PSoC5\GCC\libemWin_nosnts_cm3_gcc.a(GUIDRV_FlexColor_Func66709.o)
 .text._SetReg_B16
                0x000032d6        0x8 ..\..\emWinGraphics_v5_46\LinkLibrary\PSoC5\GCC\libemWin_nosnts_cm3_gcc.a(GUIDRV_FlexColor_Func66709.o)
 .text._WritePara_B8
                0x000032de        0x8 ..\..\emWinGraphics_v5_46\LinkLibrary\PSoC5\GCC\libemWin_nosnts_cm3_gcc.a(GUIDRV_FlexColor_Func66709.o)
 .text._WritePara_B16
                0x000032e6        0x8 ..\..\emWinGraphics_v5_46\LinkLibrary\PSoC5\GCC\libemWin_nosnts_cm3_gcc.a(GUIDRV_FlexColor_Func66709.o)
 *fill*         0x000032ee        0x2 
 .text._SetInterface
                0x000032f0       0x34 ..\..\emWinGraphics_v5_46\LinkLibrary\PSoC5\GCC\libemWin_nosnts_cm3_gcc.a(GUIDRV_FlexColor_Func66709.o)
 .text._ReadRect_16bpp_B8
                0x00003324       0x66 ..\..\emWinGraphics_v5_46\LinkLibrary\PSoC5\GCC\libemWin_nosnts_cm3_gcc.a(GUIDRV_FlexColor_Func66709.o)
 .text._ReadRect_16bpp_B16_I
                0x0000338a       0x6a ..\..\emWinGraphics_v5_46\LinkLibrary\PSoC5\GCC\libemWin_nosnts_cm3_gcc.a(GUIDRV_FlexColor_Func66709.o)
 .text.GUIDRV_FlexColor_SetFunc66709
                0x000033f4       0x6c ..\..\emWinGraphics_v5_46\LinkLibrary\PSoC5\GCC\libemWin_nosnts_cm3_gcc.a(GUIDRV_FlexColor_Func66709.o)
                0x000033f4                GUIDRV_FlexColor_SetFunc66709
 .text._SetDrawMode
                0x00003460       0x28 ..\..\emWinGraphics_v5_46\LinkLibrary\PSoC5\GCC\libemWin_nosnts_cm3_gcc.a(LCD.o)
 .text.LCD_SetDrawMode
                0x00003488        0xc ..\..\emWinGraphics_v5_46\LinkLibrary\PSoC5\GCC\libemWin_nosnts_cm3_gcc.a(LCD.o)
                0x00003488                LCD_SetDrawMode
 .text.LCD_DrawPixel
                0x00003494       0x60 ..\..\emWinGraphics_v5_46\LinkLibrary\PSoC5\GCC\libemWin_nosnts_cm3_gcc.a(LCD.o)
                0x00003494                LCD_DrawPixel
 .text.LCD_DrawHLine
                0x000034f4       0x50 ..\..\emWinGraphics_v5_46\LinkLibrary\PSoC5\GCC\libemWin_nosnts_cm3_gcc.a(LCD.o)
                0x000034f4                LCD_DrawHLine
 .text.LCD_FillRect
                0x00003544       0x58 ..\..\emWinGraphics_v5_46\LinkLibrary\PSoC5\GCC\libemWin_nosnts_cm3_gcc.a(LCD.o)
                0x00003544                LCD_FillRect
 .text.LCD__DrawBitmap_1bpp
                0x0000359c      0x1d8 ..\..\emWinGraphics_v5_46\LinkLibrary\PSoC5\GCC\libemWin_nosnts_cm3_gcc.a(LCD.o)
                0x0000359c                LCD__DrawBitmap_1bpp
 .text.LCD_DrawBitmap
                0x00003774      0x224 ..\..\emWinGraphics_v5_46\LinkLibrary\PSoC5\GCC\libemWin_nosnts_cm3_gcc.a(LCD.o)
                0x00003774                LCD_DrawBitmap
 .text.LCD_SetClipRectMax
                0x00003998       0x1c ..\..\emWinGraphics_v5_46\LinkLibrary\PSoC5\GCC\libemWin_nosnts_cm3_gcc.a(LCD.o)
                0x00003998                LCD_SetClipRectMax
 .text.LCD_Init
                0x000039b4       0x90 ..\..\emWinGraphics_v5_46\LinkLibrary\PSoC5\GCC\libemWin_nosnts_cm3_gcc.a(LCD.o)
                0x000039b4                LCD_Init
 .text.LCD_Color2Index
                0x00003a44       0x1c ..\..\emWinGraphics_v5_46\LinkLibrary\PSoC5\GCC\libemWin_nosnts_cm3_gcc.a(LCD.o)
                0x00003a44                LCD_Color2Index
 .text.LCD_Index2Color
                0x00003a60       0x1c ..\..\emWinGraphics_v5_46\LinkLibrary\PSoC5\GCC\libemWin_nosnts_cm3_gcc.a(LCD.o)
                0x00003a60                LCD_Index2Color
 .text.LCD_SetColorIndex
                0x00003a7c       0x18 ..\..\emWinGraphics_v5_46\LinkLibrary\PSoC5\GCC\libemWin_nosnts_cm3_gcc.a(LCD.o)
                0x00003a7c                LCD_SetColorIndex
 .text._SetColor
                0x00003a94       0x20 ..\..\emWinGraphics_v5_46\LinkLibrary\PSoC5\GCC\libemWin_nosnts_cm3_gcc.a(LCD.o)
 .text.LCD_SetBkColorIndex
                0x00003ab4       0x18 ..\..\emWinGraphics_v5_46\LinkLibrary\PSoC5\GCC\libemWin_nosnts_cm3_gcc.a(LCD.o)
                0x00003ab4                LCD_SetBkColorIndex
 .text._SetBkColor
                0x00003acc       0x20 ..\..\emWinGraphics_v5_46\LinkLibrary\PSoC5\GCC\libemWin_nosnts_cm3_gcc.a(LCD.o)
 .text.LCD_SetBkColor
                0x00003aec        0xc ..\..\emWinGraphics_v5_46\LinkLibrary\PSoC5\GCC\libemWin_nosnts_cm3_gcc.a(LCD.o)
                0x00003aec                LCD_SetBkColor
 .text.LCD_SetColor
                0x00003af8        0xc ..\..\emWinGraphics_v5_46\LinkLibrary\PSoC5\GCC\libemWin_nosnts_cm3_gcc.a(LCD.o)
                0x00003af8                LCD_SetColor
 .text._OnExit  0x00003b04       0x1c ..\..\emWinGraphics_v5_46\LinkLibrary\PSoC5\GCC\libemWin_nosnts_cm3_gcc.a(LCD_Color.o)
 .text.LCD_InitColors
                0x00003b20       0x3c ..\..\emWinGraphics_v5_46\LinkLibrary\PSoC5\GCC\libemWin_nosnts_cm3_gcc.a(LCD_Color.o)
                0x00003b20                LCD_InitColors
 .text.LCD_GetpPalConvTableUncached
                0x00003b5c       0x6c ..\..\emWinGraphics_v5_46\LinkLibrary\PSoC5\GCC\libemWin_nosnts_cm3_gcc.a(LCD_Color.o)
                0x00003b5c                LCD_GetpPalConvTableUncached
 .text.LCD_GetpPalConvTableBM
                0x00003bc8        0x4 ..\..\emWinGraphics_v5_46\LinkLibrary\PSoC5\GCC\libemWin_nosnts_cm3_gcc.a(LCD_Color.o)
                0x00003bc8                LCD_GetpPalConvTableBM
 .text.LCD_InitLUT
                0x00003bcc       0x88 ..\..\emWinGraphics_v5_46\LinkLibrary\PSoC5\GCC\libemWin_nosnts_cm3_gcc.a(LCD_Color.o)
                0x00003bcc                LCD_InitLUT
 .text._GetDevProp.part.0
                0x00003c54       0x18 ..\..\emWinGraphics_v5_46\LinkLibrary\PSoC5\GCC\libemWin_nosnts_cm3_gcc.a(LCD_GetEx.o)
 .text._GetDevProp
                0x00003c6c        0xc ..\..\emWinGraphics_v5_46\LinkLibrary\PSoC5\GCC\libemWin_nosnts_cm3_gcc.a(LCD_GetEx.o)
 .text._GetMaxValue
                0x00003c78       0x10 ..\..\emWinGraphics_v5_46\LinkLibrary\PSoC5\GCC\libemWin_nosnts_cm3_gcc.a(LCD_GetEx.o)
 .text.LCD_GetBitsPerPixelEx
                0x00003c88        0x6 ..\..\emWinGraphics_v5_46\LinkLibrary\PSoC5\GCC\libemWin_nosnts_cm3_gcc.a(LCD_GetEx.o)
                0x00003c88                LCD_GetBitsPerPixelEx
 .text.LCD_GetNumColorsEx
                0x00003c8e        0x6 ..\..\emWinGraphics_v5_46\LinkLibrary\PSoC5\GCC\libemWin_nosnts_cm3_gcc.a(LCD_GetEx.o)
                0x00003c8e                LCD_GetNumColorsEx
 .text.LCD_GetNumColors
                0x00003c94       0x10 ..\..\emWinGraphics_v5_46\LinkLibrary\PSoC5\GCC\libemWin_nosnts_cm3_gcc.a(LCD_GetEx.o)
                0x00003c94                LCD_GetNumColors
 .text.GUI_GetBitsPerPixelEx
                0x00003ca4       0x14 ..\..\emWinGraphics_v5_46\LinkLibrary\PSoC5\GCC\libemWin_nosnts_cm3_gcc.a(LCD_GetEx.o)
                0x00003ca4                GUI_GetBitsPerPixelEx
 .text.LCD_GetPaletteEx
                0x00003cb8       0x16 ..\..\emWinGraphics_v5_46\LinkLibrary\PSoC5\GCC\libemWin_nosnts_cm3_gcc.a(LCD_GetEx.o)
                0x00003cb8                LCD_GetPaletteEx
 *fill*         0x00003cce        0x2 
 .text.LCD_GetPalette
                0x00003cd0       0x10 ..\..\emWinGraphics_v5_46\LinkLibrary\PSoC5\GCC\libemWin_nosnts_cm3_gcc.a(LCD_GetEx.o)
                0x00003cd0                LCD_GetPalette
 .text.GUI_GetpfIndex2ColorEx
                0x00003ce0       0x10 ..\..\emWinGraphics_v5_46\LinkLibrary\PSoC5\GCC\libemWin_nosnts_cm3_gcc.a(LCD_GetEx.o)
                0x00003ce0                GUI_GetpfIndex2ColorEx
 .text.GUI_GetpfColor2IndexEx
                0x00003cf0       0x10 ..\..\emWinGraphics_v5_46\LinkLibrary\PSoC5\GCC\libemWin_nosnts_cm3_gcc.a(LCD_GetEx.o)
                0x00003cf0                GUI_GetpfColor2IndexEx
 .text.LCD_GetXSizeMax
                0x00003d00        0x6 ..\..\emWinGraphics_v5_46\LinkLibrary\PSoC5\GCC\libemWin_nosnts_cm3_gcc.a(LCD_GetEx.o)
                0x00003d00                LCD_GetXSizeMax
 .text.LCD_GetYSizeMax
                0x00003d06        0x6 ..\..\emWinGraphics_v5_46\LinkLibrary\PSoC5\GCC\libemWin_nosnts_cm3_gcc.a(LCD_GetEx.o)
                0x00003d06                LCD_GetYSizeMax
 .text.LCD_SetDisplaySize
                0x00003d0c        0xc ..\..\emWinGraphics_v5_46\LinkLibrary\PSoC5\GCC\libemWin_nosnts_cm3_gcc.a(LCD_GetEx.o)
                0x00003d0c                LCD_SetDisplaySize
 .text.LCD_GetXSizeDisplay
                0x00003d18        0xc ..\..\emWinGraphics_v5_46\LinkLibrary\PSoC5\GCC\libemWin_nosnts_cm3_gcc.a(LCD_GetEx.o)
                0x00003d18                LCD_GetXSizeDisplay
 .text.LCD_GetYSizeDisplay
                0x00003d24        0xc ..\..\emWinGraphics_v5_46\LinkLibrary\PSoC5\GCC\libemWin_nosnts_cm3_gcc.a(LCD_GetEx.o)
                0x00003d24                LCD_GetYSizeDisplay
 .text.LCD__GetBPP
                0x00003d30       0x7e ..\..\emWinGraphics_v5_46\LinkLibrary\PSoC5\GCC\libemWin_nosnts_cm3_gcc.a(LCD_GetEx.o)
                0x00003d30                LCD__GetBPP
 .text.LCD__GetBPPDevice
                0x00003dae       0x2c ..\..\emWinGraphics_v5_46\LinkLibrary\PSoC5\GCC\libemWin_nosnts_cm3_gcc.a(LCD_GetEx.o)
                0x00003dae                LCD__GetBPPDevice
 .text.LCD_GetNumLayers
                0x00003dda       0x10 ..\..\emWinGraphics_v5_46\LinkLibrary\PSoC5\GCC\libemWin_nosnts_cm3_gcc.a(LCD_GetNumDisplays.o)
                0x00003dda                LCD_GetNumLayers
 *fill*         0x00003dea        0x2 
 .text.LCD_SelectLCD
                0x00003dec       0x40 ..\..\emWinGraphics_v5_46\LinkLibrary\PSoC5\GCC\libemWin_nosnts_cm3_gcc.a(LCD_SelectLCD.o)
                0x00003dec                LCD_SelectLCD
 .text.LCD_SetLUTEntryEx
                0x00003e2c       0x30 ..\..\emWinGraphics_v5_46\LinkLibrary\PSoC5\GCC\libemWin_nosnts_cm3_gcc.a(LCD_Set.o)
                0x00003e2c                LCD_SetLUTEntryEx
 .text.LCD_SetSizeEx
                0x00003e5c       0x30 ..\..\emWinGraphics_v5_46\LinkLibrary\PSoC5\GCC\libemWin_nosnts_cm3_gcc.a(LCD_Set.o)
                0x00003e5c                LCD_SetSizeEx
 .text.LCD_SetVSizeEx
                0x00003e8c       0x30 ..\..\emWinGraphics_v5_46\LinkLibrary\PSoC5\GCC\libemWin_nosnts_cm3_gcc.a(LCD_Set.o)
                0x00003e8c                LCD_SetVSizeEx
 .text.LCD_UpdateColorIndices
                0x00003ebc       0x24 ..\..\emWinGraphics_v5_46\LinkLibrary\PSoC5\GCC\libemWin_nosnts_cm3_gcc.a(LCD_UpdateColorIndices.o)
                0x00003ebc                LCD_UpdateColorIndices
 .text._OnExit  0x00003ee0       0x88 ..\..\emWinGraphics_v5_46\LinkLibrary\PSoC5\GCC\libemWin_nosnts_cm3_gcc.a(WM.o)
 .text._Findy1  0x00003f68       0xa6 ..\..\emWinGraphics_v5_46\LinkLibrary\PSoC5\GCC\libemWin_nosnts_cm3_gcc.a(WM.o)
 .text._Findx0  0x0000400e       0x86 ..\..\emWinGraphics_v5_46\LinkLibrary\PSoC5\GCC\libemWin_nosnts_cm3_gcc.a(WM.o)
 .text._Findx1  0x00004094       0x72 ..\..\emWinGraphics_v5_46\LinkLibrary\PSoC5\GCC\libemWin_nosnts_cm3_gcc.a(WM.o)
 *fill*         0x00004106        0x2 
 .text.WM__ClipAtParentBorders
                0x00004108       0x50 ..\..\emWinGraphics_v5_46\LinkLibrary\PSoC5\GCC\libemWin_nosnts_cm3_gcc.a(WM.o)
                0x00004108                WM__ClipAtParentBorders
 .text.WM__InsertWindowIntoList
                0x00004158       0xac ..\..\emWinGraphics_v5_46\LinkLibrary\PSoC5\GCC\libemWin_nosnts_cm3_gcc.a(WM.o)
                0x00004158                WM__InsertWindowIntoList
 .text.WM__Client2Screen
                0x00004204       0x10 ..\..\emWinGraphics_v5_46\LinkLibrary\PSoC5\GCC\libemWin_nosnts_cm3_gcc.a(WM.o)
                0x00004204                WM__Client2Screen
 .text._SetClipRectUserIntersect
                0x00004214       0x50 ..\..\emWinGraphics_v5_46\LinkLibrary\PSoC5\GCC\libemWin_nosnts_cm3_gcc.a(WM.o)
 .text.WM__ActivateClipRect
                0x00004264       0x48 ..\..\emWinGraphics_v5_46\LinkLibrary\PSoC5\GCC\libemWin_nosnts_cm3_gcc.a(WM.o)
                0x00004264                WM__ActivateClipRect
 .text.WM__InvalidateDrawAndDescs
                0x000042ac       0x50 ..\..\emWinGraphics_v5_46\LinkLibrary\PSoC5\GCC\libemWin_nosnts_cm3_gcc.a(WM.o)
                0x000042ac                WM__InvalidateDrawAndDescs
 .text.WM__RectIsNZ
                0x000042fc       0x22 ..\..\emWinGraphics_v5_46\LinkLibrary\PSoC5\GCC\libemWin_nosnts_cm3_gcc.a(WM.o)
                0x000042fc                WM__RectIsNZ
 *fill*         0x0000431e        0x2 
 .text._Invalidate1Abs
                0x00004320       0x84 ..\..\emWinGraphics_v5_46\LinkLibrary\PSoC5\GCC\libemWin_nosnts_cm3_gcc.a(WM.o)
 .text.WM__Invalidate1Abs
                0x000043a4        0x6 ..\..\emWinGraphics_v5_46\LinkLibrary\PSoC5\GCC\libemWin_nosnts_cm3_gcc.a(WM.o)
                0x000043a4                WM__Invalidate1Abs
 .text.WM_InvalidateWindowAndDescsEx
                0x000043aa       0x64 ..\..\emWinGraphics_v5_46\LinkLibrary\PSoC5\GCC\libemWin_nosnts_cm3_gcc.a(WM.o)
                0x000043aa                WM_InvalidateWindowAndDescsEx
 .text.WM__InvalidateRect
                0x0000440e       0x76 ..\..\emWinGraphics_v5_46\LinkLibrary\PSoC5\GCC\libemWin_nosnts_cm3_gcc.a(WM.o)
                0x0000440e                WM__InvalidateRect
 .text.WM__InvalidateRectEx
                0x00004484        0x6 ..\..\emWinGraphics_v5_46\LinkLibrary\PSoC5\GCC\libemWin_nosnts_cm3_gcc.a(WM.o)
                0x00004484                WM__InvalidateRectEx
 .text.WM__SendMsgNoData
                0x0000448a       0x16 ..\..\emWinGraphics_v5_46\LinkLibrary\PSoC5\GCC\libemWin_nosnts_cm3_gcc.a(WM.o)
                0x0000448a                WM__SendMsgNoData
 .text.WM__GetClientRectWin
                0x000044a0       0x18 ..\..\emWinGraphics_v5_46\LinkLibrary\PSoC5\GCC\libemWin_nosnts_cm3_gcc.a(WM.o)
                0x000044a0                WM__GetClientRectWin
 .text.WM_InvalidateRect
                0x000044b8       0x78 ..\..\emWinGraphics_v5_46\LinkLibrary\PSoC5\GCC\libemWin_nosnts_cm3_gcc.a(WM.o)
                0x000044b8                WM_InvalidateRect
 .text.WM_InvalidateWindow
                0x00004530        0x6 ..\..\emWinGraphics_v5_46\LinkLibrary\PSoC5\GCC\libemWin_nosnts_cm3_gcc.a(WM.o)
                0x00004530                WM_InvalidateWindow
 *fill*         0x00004536        0x2 
 .text.WM_SelectWindow
                0x00004538       0x38 ..\..\emWinGraphics_v5_46\LinkLibrary\PSoC5\GCC\libemWin_nosnts_cm3_gcc.a(WM.o)
                0x00004538                WM_SelectWindow
 .text.WM_CreateWindowAsChild
                0x00004570      0x154 ..\..\emWinGraphics_v5_46\LinkLibrary\PSoC5\GCC\libemWin_nosnts_cm3_gcc.a(WM.o)
                0x00004570                WM_CreateWindowAsChild
 .text.WM_CreateWindow
                0x000046c4       0x1a ..\..\emWinGraphics_v5_46\LinkLibrary\PSoC5\GCC\libemWin_nosnts_cm3_gcc.a(WM.o)
                0x000046c4                WM_CreateWindow
 *fill*         0x000046de        0x2 
 .text.WM__GetNextIVR
                0x000046e0      0x184 ..\..\emWinGraphics_v5_46\LinkLibrary\PSoC5\GCC\libemWin_nosnts_cm3_gcc.a(WM.o)
                0x000046e0                WM__GetNextIVR
 .text.WM__InitIVRSearch
                0x00004864      0x100 ..\..\emWinGraphics_v5_46\LinkLibrary\PSoC5\GCC\libemWin_nosnts_cm3_gcc.a(WM.o)
                0x00004864                WM__InitIVRSearch
 .text.WM_Activate
                0x00004964       0x10 ..\..\emWinGraphics_v5_46\LinkLibrary\PSoC5\GCC\libemWin_nosnts_cm3_gcc.a(WM.o)
                0x00004964                WM_Activate
 .text.WM_DefaultProc
                0x00004974       0x4c ..\..\emWinGraphics_v5_46\LinkLibrary\PSoC5\GCC\libemWin_nosnts_cm3_gcc.a(WM.o)
                0x00004974                WM_DefaultProc
 .text._cbBackWin
                0x000049c0       0x48 ..\..\emWinGraphics_v5_46\LinkLibrary\PSoC5\GCC\libemWin_nosnts_cm3_gcc.a(WM.o)
 .text.WM_Init  0x00004a08       0xa8 ..\..\emWinGraphics_v5_46\LinkLibrary\PSoC5\GCC\libemWin_nosnts_cm3_gcc.a(WM.o)
                0x00004a08                WM_Init
 .text.WM__GetFirstSibling
                0x00004ab0       0x12 ..\..\emWinGraphics_v5_46\LinkLibrary\PSoC5\GCC\libemWin_nosnts_cm3_gcc.a(WM__Private.o)
                0x00004ab0                WM__GetFirstSibling
 .text.WM__GetPrevSibling
                0x00004ac2       0x26 ..\..\emWinGraphics_v5_46\LinkLibrary\PSoC5\GCC\libemWin_nosnts_cm3_gcc.a(WM__Private.o)
                0x00004ac2                WM__GetPrevSibling
 .text.WM__SendMessage
                0x00004ae8       0x3c ..\..\emWinGraphics_v5_46\LinkLibrary\PSoC5\GCC\libemWin_nosnts_cm3_gcc.a(WM__Private.o)
                0x00004ae8                WM__SendMessage
 .text.WM__AddCriticalHandle
                0x00004b24       0x10 ..\..\emWinGraphics_v5_46\LinkLibrary\PSoC5\GCC\libemWin_nosnts_cm3_gcc.a(WM__Private.o)
                0x00004b24                WM__AddCriticalHandle
 .text.WM__GetClientRectEx
                0x00004b34       0x22 ..\..\emWinGraphics_v5_46\LinkLibrary\PSoC5\GCC\libemWin_nosnts_cm3_gcc.a(WM__Private.o)
                0x00004b34                WM__GetClientRectEx
 *fill*         0x00004b56        0x2 
 .text.WM_GetDesktopWindow
                0x00004b58        0xc ..\..\emWinGraphics_v5_46\LinkLibrary\PSoC5\GCC\libemWin_nosnts_cm3_gcc.a(WM_Lib.o)
                0x00004b58                WM_GetDesktopWindow
 .text.WM_GetFirstChild
                0x00004b64       0x10 ..\..\emWinGraphics_v5_46\LinkLibrary\PSoC5\GCC\libemWin_nosnts_cm3_gcc.a(WM_Lib.o)
                0x00004b64                WM_GetFirstChild
 .text.WM_GetParent
                0x00004b74       0x10 ..\..\emWinGraphics_v5_46\LinkLibrary\PSoC5\GCC\libemWin_nosnts_cm3_gcc.a(WM_Lib.o)
                0x00004b74                WM_GetParent
 .text.WM_BringToBottom
                0x00004b84       0x86 ..\..\emWinGraphics_v5_46\LinkLibrary\PSoC5\GCC\libemWin_nosnts_cm3_gcc.a(WM_Lib.o)
                0x00004b84                WM_BringToBottom
 .text.WM_SendToParent
                0x00004c0a       0x1c ..\..\emWinGraphics_v5_46\LinkLibrary\PSoC5\GCC\libemWin_nosnts_cm3_gcc.a(WM_Lib.o)
                0x00004c0a                WM_SendToParent
 *fill*         0x00004c26        0x2 
 .text.GUI__ManageCacheEx
                0x00004c28       0xd8 ..\..\emWinGraphics_v5_46\LinkLibrary\PSoC5\GCC\libemWin_nosnts_cm3_gcc.a(GUI__ManageCache.o)
                0x00004c28                GUI__ManageCacheEx
 .text.GUI__ManageCache
                0x00004d00       0x10 ..\..\emWinGraphics_v5_46\LinkLibrary\PSoC5\GCC\libemWin_nosnts_cm3_gcc.a(GUI__ManageCache.o)
                0x00004d00                GUI__ManageCache
 .text.GUI__IntersectRect
                0x00004d10       0x3a ..\..\emWinGraphics_v5_46\LinkLibrary\PSoC5\GCC\libemWin_nosnts_cm3_gcc.a(GUI__Private.o)
                0x00004d10                GUI__IntersectRect
 .text.GUI__IntersectRects
                0x00004d4a       0x56 ..\..\emWinGraphics_v5_46\LinkLibrary\PSoC5\GCC\libemWin_nosnts_cm3_gcc.a(GUI__Private.o)
                0x00004d4a                GUI__IntersectRects
 .text.GUI__memset16
                0x00004da0       0x64 ..\..\emWinGraphics_v5_46\LinkLibrary\PSoC5\GCC\libemWin_nosnts_cm3_gcc.a(GUI__Private.o)
                0x00004da0                GUI__memset16
 .text.GUI_GetYAdjust
                0x00004e04       0x30 ..\..\emWinGraphics_v5_46\LinkLibrary\PSoC5\GCC\libemWin_nosnts_cm3_gcc.a(GUI_Char.o)
                0x00004e04                GUI_GetYAdjust
 .text.GUI_GetFontDistY
                0x00004e34       0x10 ..\..\emWinGraphics_v5_46\LinkLibrary\PSoC5\GCC\libemWin_nosnts_cm3_gcc.a(GUI_Char.o)
                0x00004e34                GUI_GetFontDistY
 .text.GUI_GetCharDistX
                0x00004e44       0x10 ..\..\emWinGraphics_v5_46\LinkLibrary\PSoC5\GCC\libemWin_nosnts_cm3_gcc.a(GUI_Char.o)
                0x00004e44                GUI_GetCharDistX
 .text.GUI_GetCharDistXEx
                0x00004e54       0x10 ..\..\emWinGraphics_v5_46\LinkLibrary\PSoC5\GCC\libemWin_nosnts_cm3_gcc.a(GUI_Char.o)
                0x00004e54                GUI_GetCharDistXEx
 .text._Log2VisBuffered
                0x00004e64        0x2 ..\..\emWinGraphics_v5_46\LinkLibrary\PSoC5\GCC\libemWin_nosnts_cm3_gcc.a(GUI_CharLine.o)
 *fill*         0x00004e66        0x2 
 .text._DispLine
                0x00004e68       0x9c ..\..\emWinGraphics_v5_46\LinkLibrary\PSoC5\GCC\libemWin_nosnts_cm3_gcc.a(GUI_CharLine.o)
 .text.GUI__GetLineNumChars
                0x00004f04       0x38 ..\..\emWinGraphics_v5_46\LinkLibrary\PSoC5\GCC\libemWin_nosnts_cm3_gcc.a(GUI_CharLine.o)
                0x00004f04                GUI__GetLineNumChars
 .text.GUI__GetOverlap
                0x00004f3c       0x1c ..\..\emWinGraphics_v5_46\LinkLibrary\PSoC5\GCC\libemWin_nosnts_cm3_gcc.a(GUI_CharLine.o)
                0x00004f3c                GUI__GetOverlap
 .text.GUI__GetLineDistX
                0x00004f58       0x60 ..\..\emWinGraphics_v5_46\LinkLibrary\PSoC5\GCC\libemWin_nosnts_cm3_gcc.a(GUI_CharLine.o)
                0x00004f58                GUI__GetLineDistX
 .text.GUI__DispLine
                0x00004fb8       0xa8 ..\..\emWinGraphics_v5_46\LinkLibrary\PSoC5\GCC\libemWin_nosnts_cm3_gcc.a(GUI_CharLine.o)
                0x00004fb8                GUI__DispLine
 .text.GUI_SelectLayer
                0x00005060       0x24 ..\..\emWinGraphics_v5_46\LinkLibrary\PSoC5\GCC\libemWin_nosnts_cm3_gcc.a(GUI_SelectLayer.o)
                0x00005060                GUI_SelectLayer
 .text._GetIndexMask_0
                0x00005084       0x52 ..\..\emWinGraphics_v5_46\LinkLibrary\PSoC5\GCC\libemWin_nosnts_cm3_gcc.a(GUICC_0.o)
 .text._Index2Color_0
                0x000050d6       0x1e ..\..\emWinGraphics_v5_46\LinkLibrary\PSoC5\GCC\libemWin_nosnts_cm3_gcc.a(GUICC_0.o)
 .text._Color2Index_0
                0x000050f4       0x52 ..\..\emWinGraphics_v5_46\LinkLibrary\PSoC5\GCC\libemWin_nosnts_cm3_gcc.a(GUICC_0.o)
 .text.GUI_MEMDEV_GetBitsPerPixel
                0x00005146       0x2a ..\..\emWinGraphics_v5_46\LinkLibrary\PSoC5\GCC\libemWin_nosnts_cm3_gcc.a(GUIDEV.o)
                0x00005146                GUI_MEMDEV_GetBitsPerPixel
 .text.GUI_MEMDEV_Delete
                0x00005170       0x44 ..\..\emWinGraphics_v5_46\LinkLibrary\PSoC5\GCC\libemWin_nosnts_cm3_gcc.a(GUIDEV.o)
                0x00005170                GUI_MEMDEV_Delete
 .text._GetDevData
                0x000051b4       0x10 ..\..\emWinGraphics_v5_46\LinkLibrary\PSoC5\GCC\libemWin_nosnts_cm3_gcc.a(GUIDEV_16.o)
 .text._GetDevFunc
                0x000051c4       0x10 ..\..\emWinGraphics_v5_46\LinkLibrary\PSoC5\GCC\libemWin_nosnts_cm3_gcc.a(GUIDEV_16.o)
 .text._SetOrg  0x000051d4        0xc ..\..\emWinGraphics_v5_46\LinkLibrary\PSoC5\GCC\libemWin_nosnts_cm3_gcc.a(GUIDEV_16.o)
 .text._GetRect
                0x000051e0       0x36 ..\..\emWinGraphics_v5_46\LinkLibrary\PSoC5\GCC\libemWin_nosnts_cm3_gcc.a(GUIDEV_16.o)
 *fill*         0x00005216        0x2 
 .text._XY2PTR  0x00005218       0x40 ..\..\emWinGraphics_v5_46\LinkLibrary\PSoC5\GCC\libemWin_nosnts_cm3_gcc.a(GUIDEV_16.o)
 .text._GetPixelIndex
                0x00005258        0xe ..\..\emWinGraphics_v5_46\LinkLibrary\PSoC5\GCC\libemWin_nosnts_cm3_gcc.a(GUIDEV_16.o)
 *fill*         0x00005266        0x2 
 .text._XorPixel
                0x00005268       0x58 ..\..\emWinGraphics_v5_46\LinkLibrary\PSoC5\GCC\libemWin_nosnts_cm3_gcc.a(GUIDEV_16.o)
 .text._SetPixelIndex
                0x000052c0       0x4c ..\..\emWinGraphics_v5_46\LinkLibrary\PSoC5\GCC\libemWin_nosnts_cm3_gcc.a(GUIDEV_16.o)
 .text._DrawVLine
                0x0000530c       0xbc ..\..\emWinGraphics_v5_46\LinkLibrary\PSoC5\GCC\libemWin_nosnts_cm3_gcc.a(GUIDEV_16.o)
 .text._FillRect
                0x000053c8       0xb4 ..\..\emWinGraphics_v5_46\LinkLibrary\PSoC5\GCC\libemWin_nosnts_cm3_gcc.a(GUIDEV_16.o)
 .text._DrawHLine
                0x0000547c        0xe ..\..\emWinGraphics_v5_46\LinkLibrary\PSoC5\GCC\libemWin_nosnts_cm3_gcc.a(GUIDEV_16.o)
 *fill*         0x0000548a        0x2 
 .text._DrawBitmap
                0x0000548c      0x720 ..\..\emWinGraphics_v5_46\LinkLibrary\PSoC5\GCC\libemWin_nosnts_cm3_gcc.a(GUIDEV_16.o)
 .text._GetDevProp
                0x00005bac       0x18 ..\..\emWinGraphics_v5_46\LinkLibrary\PSoC5\GCC\libemWin_nosnts_cm3_gcc.a(GUIDEV_16.o)
 .text.GUI_USAGE_DecUseCnt
                0x00005bc4       0x28 ..\..\emWinGraphics_v5_46\LinkLibrary\PSoC5\GCC\libemWin_nosnts_cm3_gcc.a(GUIDEV_Usage.o)
                0x00005bc4                GUI_USAGE_DecUseCnt
 .text.GUI_USAGE_AddRect
                0x00005bec       0x26 ..\..\emWinGraphics_v5_46\LinkLibrary\PSoC5\GCC\libemWin_nosnts_cm3_gcc.a(GUIDEV_Usage.o)
                0x00005bec                GUI_USAGE_AddRect
 .text._Convert16
                0x00005c12       0x3e ..\..\emWinGraphics_v5_46\LinkLibrary\PSoC5\GCC\libemWin_nosnts_cm3_gcc.a(GUIDEV_WriteToActiveOpaque.o)
 .text._Convert8
                0x00005c50       0x42 ..\..\emWinGraphics_v5_46\LinkLibrary\PSoC5\GCC\libemWin_nosnts_cm3_gcc.a(GUIDEV_WriteToActiveOpaque.o)
 *fill*         0x00005c92        0x2 
 .text.GUI_MEMDEV__WriteToActiveOpaque
                0x00005c94      0x74c ..\..\emWinGraphics_v5_46\LinkLibrary\PSoC5\GCC\libemWin_nosnts_cm3_gcc.a(GUIDEV_WriteToActiveOpaque.o)
                0x00005c94                GUI_MEMDEV__WriteToActiveOpaque
 .text.LCD_SetClipRectEx
                0x000063e0       0x30 ..\..\emWinGraphics_v5_46\LinkLibrary\PSoC5\GCC\libemWin_nosnts_cm3_gcc.a(LCD_SetClipRectEx.o)
                0x000063e0                LCD_SetClipRectEx
 .text.GUI__CompactPixelIndices
                0x00006410      0x16e ..\..\emWinGraphics_v5_46\LinkLibrary\PSoC5\GCC\libemWin_nosnts_cm3_gcc.a(GUI__CompactPixelIndices.o)
                0x00006410                GUI__CompactPixelIndices
 .text.GUI_MEMDEV_GetDataPtr
                0x0000657e       0x20 ..\..\emWinGraphics_v5_46\LinkLibrary\PSoC5\GCC\libemWin_nosnts_cm3_gcc.a(GUIDEV_GetDataPtr.o)
                0x0000657e                GUI_MEMDEV_GetDataPtr
 *fill*         0x0000659e        0x2 
 .text.__libc_init_array
                0x000065a0       0x4c c:/program files (x86)/cypress/psoc creator/3.3/psoc creator/import/gnu/arm/4.9.3/bin/../lib/gcc/arm-none-eabi/4.9.3/../../../../arm-none-eabi/lib/armv7-m\libg_nano.a(lib_a-init.o)
                0x000065a0                __libc_init_array
 .text.memcpy   0x000065ec       0x16 c:/program files (x86)/cypress/psoc creator/3.3/psoc creator/import/gnu/arm/4.9.3/bin/../lib/gcc/arm-none-eabi/4.9.3/../../../../arm-none-eabi/lib/armv7-m\libg_nano.a(lib_a-memcpy.o)
                0x000065ec                memcpy
 .text.memmove  0x00006602       0x36 c:/program files (x86)/cypress/psoc creator/3.3/psoc creator/import/gnu/arm/4.9.3/bin/../lib/gcc/arm-none-eabi/4.9.3/../../../../arm-none-eabi/lib/armv7-m\libg_nano.a(lib_a-memmove.o)
                0x00006602                memmove
 .text.memset   0x00006638       0x10 c:/program files (x86)/cypress/psoc creator/3.3/psoc creator/import/gnu/arm/4.9.3/bin/../lib/gcc/arm-none-eabi/4.9.3/../../../../arm-none-eabi/lib/armv7-m\libg_nano.a(lib_a-memset.o)
                0x00006638                memset
 *(.plt)
 *(.gnu.warning)
 *(.glue_7t)
 .glue_7t       0x00000000        0x0 linker stubs
 *(.glue_7)
 .glue_7        0x00000000        0x0 linker stubs
 *(.vfp11_veneer)
 .vfp11_veneer  0x00000000        0x0 linker stubs
 *(.bootloader)
 *(.ARM.extab* .gnu.linkonce.armextab.*)
 *(.gcc_except_table)

.v4_bx          0x00006648        0x0
 .v4_bx         0x00000000        0x0 linker stubs

.iplt           0x00006648        0x0
 .iplt          0x00000000        0x0 c:/program files (x86)/cypress/psoc creator/3.3/psoc creator/import/gnu/arm/4.9.3/bin/../lib/gcc/arm-none-eabi/4.9.3/armv7-m/crtbegin.o

.eh_frame_hdr
 *(.eh_frame_hdr)

.eh_frame       0x00006648        0x4
 *(.eh_frame)
 .eh_frame      0x00006648        0x0 c:/program files (x86)/cypress/psoc creator/3.3/psoc creator/import/gnu/arm/4.9.3/bin/../lib/gcc/arm-none-eabi/4.9.3/armv7-m/crtbegin.o
 .eh_frame      0x00006648        0x4 c:/program files (x86)/cypress/psoc creator/3.3/psoc creator/import/gnu/arm/4.9.3/bin/../lib/gcc/arm-none-eabi/4.9.3/armv7-m/crtend.o
                0x0000664c                PROVIDE (__exidx_start, .)

.ARM.exidx
 *(.ARM.exidx* .gnu.linkonce.armexidx.*)
                0x0000664c                __exidx_end = .

.rodata         0x0000664c     0x1ac4
 *(.rodata .rodata.* .gnu.linkonce.r.*)
 .rodata.str1.4
                0x0000664c       0x18 .\CortexM3\ARM_GCC_493\Debug\main.o
 .rodata        0x00006664       0x68 .\CortexM3\ARM_GCC_493\Debug\Guitar Learner.a(cyfitter_cfg.o)
                0x00006664                AMux_1__addrTable
                0x0000667c                AMux_1__maskTable
                0x00006684                ADC_SOUND_IN_AMux__addrTable
                0x0000668c                ADC_SOUND_IN_AMux__maskTable
 .rodata        0x000066cc      0x73c ..\..\emWinGraphics_v5_46\LinkLibrary\PSoC5\GCC\libemWin_nosnts_cm3_gcc.a(F6x8.o)
                0x000066cc                GUI_Font6x9
                0x000066f0                GUI_Font6x8
 .rodata        0x00006e08      0xd0c ..\..\emWinGraphics_v5_46\LinkLibrary\PSoC5\GCC\libemWin_nosnts_cm3_gcc.a(F8x16.o)
                0x00006e08                GUI_Font8x16x3x3
                0x00006e2c                GUI_Font8x16x2x2
                0x00006e50                GUI_Font8x16x1x2
                0x00006e9c                GUI_Font8x18
                0x00006ec0                GUI_Font8x17
                0x00006ee4                GUI_Font8x16
 .rodata        0x00007b14        0x8 ..\..\emWinGraphics_v5_46\LinkLibrary\PSoC5\GCC\libemWin_nosnts_cm3_gcc.a(GUI_Core.o)
 .rodata.str1.1
                0x00007b1c       0x14 ..\..\emWinGraphics_v5_46\LinkLibrary\PSoC5\GCC\libemWin_nosnts_cm3_gcc.a(GUI_Core.o)
 .rodata        0x00007b30       0x10 ..\..\emWinGraphics_v5_46\LinkLibrary\PSoC5\GCC\libemWin_nosnts_cm3_gcc.a(GUI_UC_EncodeNone.o)
                0x00007b30                GUI_UC_None
 .rodata        0x00007b40       0x18 ..\..\emWinGraphics_v5_46\LinkLibrary\PSoC5\GCC\libemWin_nosnts_cm3_gcc.a(GUICC_M565.o)
                0x00007b40                LCD_API_ColorConv_M565
 .rodata        0x00007b58       0x74 ..\..\emWinGraphics_v5_46\LinkLibrary\PSoC5\GCC\libemWin_nosnts_cm3_gcc.a(GUIDRV_FlexColor.o)
                0x00007b98                GUIDRV_FlexColor_API
 .rodata        0x00007bcc        0x8 ..\..\emWinGraphics_v5_46\LinkLibrary\PSoC5\GCC\libemWin_nosnts_cm3_gcc.a(GUIDRV_FlexColor_Func66709.o)
 .rodata        0x00007bd4        0xc ..\..\emWinGraphics_v5_46\LinkLibrary\PSoC5\GCC\libemWin_nosnts_cm3_gcc.a(LCD.o)
 .rodata        0x00007be0      0x370 ..\..\emWinGraphics_v5_46\LinkLibrary\PSoC5\GCC\libemWin_nosnts_cm3_gcc.a(GUI__DivTbl.o)
                0x00007be0                GUI__aConvert_255_63
                0x00007ce0                GUI__aConvert_255_31
                0x00007de0                GUI__aConvert_255_15
                0x00007ee0                GUI__aConvert_63_255
                0x00007f20                GUI__aConvert_31_255
                0x00007f40                GUI__aConvert_15_255
 .rodata        0x00007f50       0x18 ..\..\emWinGraphics_v5_46\LinkLibrary\PSoC5\GCC\libemWin_nosnts_cm3_gcc.a(GUICC_0.o)
                0x00007f50                LCD_API_ColorConv_0
 .rodata        0x00007f68       0x74 ..\..\emWinGraphics_v5_46\LinkLibrary\PSoC5\GCC\libemWin_nosnts_cm3_gcc.a(GUIDEV_16.o)
                0x00007f68                GUI_MEMDEV_DEVICE_16
 .rodata        0x00007fdc      0x100 ..\..\emWinGraphics_v5_46\LinkLibrary\PSoC5\GCC\libemWin_nosnts_cm3_gcc.a(LCD_Mirror.o)
                0x00007fdc                LCD_aMirror
                0x000080dc                . = ALIGN (0x4)
 *(.init)
 .init          0x000080dc        0x4 c:/program files (x86)/cypress/psoc creator/3.3/psoc creator/import/gnu/arm/4.9.3/bin/../lib/gcc/arm-none-eabi/4.9.3/armv7-m/crti.o
                0x000080dc                _init
 .init          0x000080e0        0x8 c:/program files (x86)/cypress/psoc creator/3.3/psoc creator/import/gnu/arm/4.9.3/bin/../lib/gcc/arm-none-eabi/4.9.3/armv7-m/crtn.o
                0x000080e8                . = ALIGN (0x4)
                0x000080e8                __preinit_array_start = .
 *(.preinit_array)
                0x000080e8                __preinit_array_end = .
                0x000080e8                . = ALIGN (0x4)
                0x000080e8                __init_array_start = .
 *(SORT(.init_array.*))
 *(.init_array)
 .init_array    0x000080e8        0x4 c:/program files (x86)/cypress/psoc creator/3.3/psoc creator/import/gnu/arm/4.9.3/bin/../lib/gcc/arm-none-eabi/4.9.3/armv7-m/crtbegin.o
 .init_array    0x000080ec        0x4 .\CortexM3\ARM_GCC_493\Debug\Cm3Start.o
                0x000080f0                __init_array_end = .
                0x000080f0                . = ALIGN (0x4)
 *(.fini)
 .fini          0x000080f0        0x4 c:/program files (x86)/cypress/psoc creator/3.3/psoc creator/import/gnu/arm/4.9.3/bin/../lib/gcc/arm-none-eabi/4.9.3/armv7-m/crti.o
                0x000080f0                _fini
 .fini          0x000080f4        0x8 c:/program files (x86)/cypress/psoc creator/3.3/psoc creator/import/gnu/arm/4.9.3/bin/../lib/gcc/arm-none-eabi/4.9.3/armv7-m/crtn.o
                0x000080fc                . = ALIGN (0x4)
                0x000080fc                __fini_array_start = .
 *(.fini_array)
 .fini_array    0x000080fc        0x4 c:/program files (x86)/cypress/psoc creator/3.3/psoc creator/import/gnu/arm/4.9.3/bin/../lib/gcc/arm-none-eabi/4.9.3/armv7-m/crtbegin.o
 *(SORT(.fini_array.*))
                0x00008100                __fini_array_end = .
                0x00008100                . = ALIGN (0x4)
 *crtbegin.o(.ctors)
 *(EXCLUDE_FILE(*crtend.o) .ctors)
 *(SORT(.ctors.*))
 *crtend.o(.ctors)
                0x00008100                . = ALIGN (0x4)
 *crtbegin.o(.dtors)
 *(EXCLUDE_FILE(*crtend.o) .dtors)
 *(SORT(.dtors.*))
 *crtend.o(.dtors)
                0x00008100                . = ALIGN (0x4)
                0x00008100                __cy_regions = .
                0x00008100        0x4 LONG 0x8110 __cy_region_init_ram
                0x00008104        0x4 LONG 0x1fff8108 __cy_region_start_data
                0x00008108        0x4 LONG 0x48 __cy_region_init_size_ram
                0x0000810c        0x4 LONG 0x2350 __cy_region_zero_size_ram
                0x00008110                __cy_regions_end = .
                0x00008110                . = ALIGN (0x8)
                0x00008110                _etext = .

.cy_checksum_exclude
                0x00008110        0x0
 *(.cy_checksum_exclude)

.ramvectors     0x1fff8000      0x100
                0x1fff8000                __cy_region_start_ram = .
 *(.ramvectors)
 .ramvectors    0x1fff8000      0x100 .\CortexM3\ARM_GCC_493\Debug\Cm3Start.o
                0x1fff8000                CyRamVectors

.noinit         0x1fff8100        0x5
 *(.noinit)
 .noinit        0x1fff8100        0x4 .\CortexM3\ARM_GCC_493\Debug\Cm3Start.o
 .noinit        0x1fff8104        0x1 .\CortexM3\ARM_GCC_493\Debug\Guitar Learner.a(CyLib.o)
                0x1fff8104                CyResetStatus

.data           0x1fff8108       0x48 load address 0x00008110
                0x1fff8108                __cy_region_start_data = .
 *(.jcr)
 .jcr           0x1fff8108        0x0 c:/program files (x86)/cypress/psoc creator/3.3/psoc creator/import/gnu/arm/4.9.3/bin/../lib/gcc/arm-none-eabi/4.9.3/armv7-m/crtbegin.o
 .jcr           0x1fff8108        0x4 c:/program files (x86)/cypress/psoc creator/3.3/psoc creator/import/gnu/arm/4.9.3/bin/../lib/gcc/arm-none-eabi/4.9.3/armv7-m/crtend.o
 *(.got.plt)
 *(.got)
 *(.shdata)
 *(.data .data.* .gnu.linkonce.d.*)
 .data          0x1fff810c       0x10 .\CortexM3\ARM_GCC_493\Debug\Guitar Learner.a(CyLib.o)
                0x1fff810c                cydelay_32k_ms
                0x1fff8110                cydelay_freq_khz
                0x1fff8114                cydelay_freq_mhz
                0x1fff8118                cydelay_freq_hz
 .data          0x1fff811c        0x1 .\CortexM3\ARM_GCC_493\Debug\Guitar Learner.a(ADC_SOUND_IN.o)
                0x1fff811c                ADC_SOUND_IN_Config
 .data          0x1fff811d        0x1 .\CortexM3\ARM_GCC_493\Debug\Guitar Learner.a(AMux_1.o)
 .data          0x1fff811e        0x1 .\CortexM3\ARM_GCC_493\Debug\Guitar Learner.a(ADC_SOUND_IN_AMux.o)
 *fill*         0x1fff811f        0x1 
 .data          0x1fff8120       0x10 ..\..\emWinGraphics_v5_46\LinkLibrary\PSoC5\GCC\libemWin_nosnts_cm3_gcc.a(GUI_Core.o)
                0x1fff8120                GUI_pContext
                0x1fff8124                GUI_pfGetpPalConvTable
                0x1fff8128                GUI__ColorDefault
                0x1fff812c                GUI__pFontDefault
 .data          0x1fff8130        0x8 ..\..\emWinGraphics_v5_46\LinkLibrary\PSoC5\GCC\libemWin_nosnts_cm3_gcc.a(GUIDRV_FlexColor_Func66709.o)
 .data          0x1fff8138        0x4 ..\..\emWinGraphics_v5_46\LinkLibrary\PSoC5\GCC\libemWin_nosnts_cm3_gcc.a(LCD.o)
                0x1fff8138                LCD__pSetColorAPI
 .data          0x1fff813c        0x4 ..\..\emWinGraphics_v5_46\LinkLibrary\PSoC5\GCC\libemWin_nosnts_cm3_gcc.a(LCD_Color.o)
 .data          0x1fff8140        0x8 ..\..\emWinGraphics_v5_46\LinkLibrary\PSoC5\GCC\libemWin_nosnts_cm3_gcc.a(GUI__Private.o)
                0x1fff8140                GUI__pfMemcpy
                0x1fff8144                GUI__pfMemset
 .data          0x1fff8148        0x4 ..\..\emWinGraphics_v5_46\LinkLibrary\PSoC5\GCC\libemWin_nosnts_cm3_gcc.a(GUI_CharLine.o)
                0x1fff8148                GUI_CharLine_pfLog2Vis
                0x1fff8150                . = ALIGN (0x8)
 *fill*         0x1fff814c        0x4 
 *(.ram)
                0x1fff8150                _edata = .

.igot.plt       0x1fff8150        0x0 load address 0x00008158
 .igot.plt      0x00000000        0x0 c:/program files (x86)/cypress/psoc creator/3.3/psoc creator/import/gnu/arm/4.9.3/bin/../lib/gcc/arm-none-eabi/4.9.3/armv7-m/crtbegin.o

.bss            0x1fff8150     0x2350 load address 0x00008158
                0x1fff8150                PROVIDE (__bss_start__, .)
 *(.shbss)
 *(.bss .bss.* .gnu.linkonce.b.*)
 .bss           0x1fff8150       0x1c c:/program files (x86)/cypress/psoc creator/3.3/psoc creator/import/gnu/arm/4.9.3/bin/../lib/gcc/arm-none-eabi/4.9.3/armv7-m/crtbegin.o
 .bss           0x1fff816c     0x2000 .\CortexM3\ARM_GCC_493\Debug\GUIConf.o
 .bss           0x1fffa16c        0x1 .\CortexM3\ARM_GCC_493\Debug\Guitar Learner.a(SPIM_1.o)
                0x1fffa16c                SPIM_1_initVar
 *fill*         0x1fffa16d        0x3 
 .bss           0x1fffa170       0x1c .\CortexM3\ARM_GCC_493\Debug\Guitar Learner.a(CyLib.o)
                0x1fffa188                CySysTickInitVar
 .bss           0x1fffa18c        0x1 .\CortexM3\ARM_GCC_493\Debug\Guitar Learner.a(DAC_SOUND_OUT.o)
                0x1fffa18c                DAC_SOUND_OUT_initVar
 *fill*         0x1fffa18d        0x3 
 .bss           0x1fffa190        0x8 .\CortexM3\ARM_GCC_493\Debug\Guitar Learner.a(ADC_SOUND_IN.o)
                0x1fffa194                ADC_SOUND_IN_stopConversion
                0x1fffa195                ADC_SOUND_IN_convDone
                0x1fffa196                ADC_SOUND_IN_initVar
                0x1fffa197                ADC_SOUND_IN_started
 .bss           0x1fffa198        0x2 .\CortexM3\ARM_GCC_493\Debug\Guitar Learner.a(LCD_Char_1.o)
                0x1fffa198                LCD_Char_1_enableState
                0x1fffa199                LCD_Char_1_initVar
 *fill*         0x1fffa19a        0x2 
 .bss           0x1fffa19c       0x10 ..\..\emWinGraphics_v5_46\LinkLibrary\PSoC5\GCC\libemWin_nosnts_cm3_gcc.a(GUI_Alloc.o)
 .bss           0x1fffa1ac       0x90 ..\..\emWinGraphics_v5_46\LinkLibrary\PSoC5\GCC\libemWin_nosnts_cm3_gcc.a(GUI_Core.o)
                0x1fffa220                GUI__BkColorDefault
 .bss           0x1fffa23c       0x60 ..\..\emWinGraphics_v5_46\LinkLibrary\PSoC5\GCC\libemWin_nosnts_cm3_gcc.a(GUI_OnKey.o)
 .bss           0x1fffa29c        0x8 ..\..\emWinGraphics_v5_46\LinkLibrary\PSoC5\GCC\libemWin_nosnts_cm3_gcc.a(GUI_WaitEvent.o)
 .bss           0x1fffa2a4        0x8 ..\..\emWinGraphics_v5_46\LinkLibrary\PSoC5\GCC\libemWin_nosnts_cm3_gcc.a(GUICC_M565.o)
 .bss           0x1fffa2ac       0x1c ..\..\emWinGraphics_v5_46\LinkLibrary\PSoC5\GCC\libemWin_nosnts_cm3_gcc.a(GUIDRV_FlexColor.o)
 .bss           0x1fffa2c8        0xc ..\..\emWinGraphics_v5_46\LinkLibrary\PSoC5\GCC\libemWin_nosnts_cm3_gcc.a(LCD_Color.o)
 .bss           0x1fffa2d4        0x8 ..\..\emWinGraphics_v5_46\LinkLibrary\PSoC5\GCC\libemWin_nosnts_cm3_gcc.a(LCD_GetEx.o)
 .bss           0x1fffa2dc       0x30 ..\..\emWinGraphics_v5_46\LinkLibrary\PSoC5\GCC\libemWin_nosnts_cm3_gcc.a(WM.o)
 .bss           0x1fffa30c        0x4 ..\..\emWinGraphics_v5_46\LinkLibrary\PSoC5\GCC\libemWin_nosnts_cm3_gcc.a(WM__Private.o)
 .bss           0x1fffa310       0x14 ..\..\emWinGraphics_v5_46\LinkLibrary\PSoC5\GCC\libemWin_nosnts_cm3_gcc.a(GUI__ManageCache.o)
 *(COMMON)
 COMMON         0x1fffa324        0x4 .\CortexM3\ARM_GCC_493\Debug\GUI_X.o
                0x1fffa324                OS_TimeMS
 COMMON         0x1fffa328        0x8 .\CortexM3\ARM_GCC_493\Debug\Guitar Learner.a(ADC_SOUND_IN.o)
                0x1fffa328                ADC_SOUND_IN_CountsPerVolt
                0x1fffa32c                ADC_SOUND_IN_Offset
 COMMON         0x1fffa330       0xc0 ..\..\emWinGraphics_v5_46\LinkLibrary\PSoC5\GCC\libemWin_nosnts_cm3_gcc.a(GUI_Alloc.o)
                0x1fffa330                GUI_ALLOC__Context
 COMMON         0x1fffa3f0       0x5c ..\..\emWinGraphics_v5_46\LinkLibrary\PSoC5\GCC\libemWin_nosnts_cm3_gcc.a(GUI_Core.o)
                0x1fffa3f0                GUI__aNumBuffers
                0x1fffa3f1                GUI__NumLayersInUse
                0x1fffa3f4                GUI__LayerMask
                0x1fffa3f8                GUI__DrawStreamedBitmap
                0x1fffa3f9                GUI_DecChar
                0x1fffa3fc                GUI_pLCD_APIList
                0x1fffa400                GUI_AA__ClipX0
                0x1fffa404                GUI_DCACHE__pfClearCacheHook
                0x1fffa408                GUI_OrgY
                0x1fffa40c                GUI_pfHookMTOUCH
                0x1fffa410                GUI_pfDispCharLine
                0x1fffa414                GUI_pfTimerExec
                0x1fffa418                GUI_OrgX
                0x1fffa41c                GUI_pfDispCharStyle
                0x1fffa420                GUI__IsInitialized
                0x1fffa424                GUI__pfDrawM565BitmapFunc
                0x1fffa428                GUI__PreserveTrans
                0x1fffa42c                GUI__pfDrawM565MemdevFunc
                0x1fffa430                GUI_MTOUCH__pStoreEvent
                0x1fffa434                GUI_pfExecAnimations
                0x1fffa438                GUI_pUC_API
                0x1fffa43c                GUI_pfUpdateSoftLayer
                0x1fffa440                GUI__apDevice
                0x1fffa444                GUI__BufferSize
                0x1fffa448                WM_pfHandlePID
 COMMON         0x1fffa44c        0x4 ..\..\emWinGraphics_v5_46\LinkLibrary\PSoC5\GCC\libemWin_nosnts_cm3_gcc.a(LCD_Color.o)
                0x1fffa44c                LCD__aConvTable
 COMMON         0x1fffa450       0x40 ..\..\emWinGraphics_v5_46\LinkLibrary\PSoC5\GCC\libemWin_nosnts_cm3_gcc.a(WM.o)
                0x1fffa450                WM__NumWindows
                0x1fffa454                WM__hATransWindow
                0x1fffa458                WM__ahDesktopWin
                0x1fffa45c                WM_pfPollPID
                0x1fffa460                WM__pExecGestures
                0x1fffa464                WM__ahWinFocus
                0x1fffa468                WM__NumInvalidWindows
                0x1fffa46c                WM__FirstWin
                0x1fffa470                WM__CaptureReleaseAuto
                0x1fffa471                WM__PaintCallbackCnt
                0x1fffa474                WM__CreateFlags
                0x1fffa478                WM__aBkColor
                0x1fffa47c                WM__pFirstCriticalHandle
                0x1fffa480                WM_MULTIBUF__pAPI
                0x1fffa484                WM__ahCapture
                0x1fffa488                WM__hCreateStatic
                0x1fffa48c                WM__TransWindowCnt
 COMMON         0x1fffa490       0x10 ..\..\emWinGraphics_v5_46\LinkLibrary\PSoC5\GCC\libemWin_nosnts_cm3_gcc.a(WM_Touch.o)
                0x1fffa490                WM__aCHWinLast
                0x1fffa498                WM__aCHWinModal
                0x1fffa4a0                . = ALIGN (0x8)
 *(.ram.b)
                0x1fffa4a0                _end = .
                0x1fffa4a0                __end = .
                0x1fffa4a0                PROVIDE (end, .)
                0x1fffa4a0                PROVIDE (__bss_end__, .)
                0x00008110                __cy_region_init_ram = LOADADDR (.data)
                0x00000048                __cy_region_init_size_ram = (_edata - ADDR (.data))
                0x00002350                __cy_region_zero_size_ram = (_end - _edata)

.heap           0x1fffa4a0       0x80 load address 0x00008158
                0x1fffa4a0                . = _end
                0x1fffa520                . = (. + 0x80)
 *fill*         0x1fffa4a0       0x80 
                0x1fffa520                __cy_heap_limit = .

.stack          0x20007800      0x800
                0x20007800                __cy_stack_limit = .
                0x20008000                . = (. + 0x800)
 *fill*         0x20007800      0x800 
                0x00000001                ASSERT ((__cy_stack_limit >= __cy_heap_limit), region RAM overflowed with stack)
                0x00000000                cy_checksum_exclude_size = (CY_APPL_LOADABLE == 0x1)?SIZEOF (.cy_checksum_exclude):0x0
                0x00000001                ASSERT ((cy_checksum_exclude_size <= CY_CHECKSUM_EXCLUDE_SIZE), CY_BOOT: Section .cy_checksum_exclude size exceedes specified limit.)

.cyloadermeta
 *(.cyloadermeta)

.cyloadablemeta
 *(.cyloadablemeta)

.cyconfigecc    0x80000000      0x310
 *(.cyconfigecc)
 .cyconfigecc   0x80000000      0x310 .\CortexM3\ARM_GCC_493\Debug\cymetadata.o
                0x80000000                cy_meta_configecc

.cycustnvl      0x90000000        0x4
 *(.cycustnvl)
 .cycustnvl     0x90000000        0x4 .\CortexM3\ARM_GCC_493\Debug\cymetadata.o
                0x90000000                cy_meta_custnvl

.cywolatch      0x90100000        0x4
 *(.cywolatch)
 .cywolatch     0x90100000        0x4 .\CortexM3\ARM_GCC_493\Debug\cymetadata.o
                0x90100000                cy_meta_wonvl

.cyeeprom       0x90200000        0x0
 *(.cyeeprom)
                0x00000001                ASSERT ((. <= ((0x90200000 + ee_offset) + ee_size)), .cyeeprom data will not fit in EEPROM)

.cyflashprotect
                0x90400000      0x100
 *(.cyflashprotect)
 .cyflashprotect
                0x90400000      0x100 .\CortexM3\ARM_GCC_493\Debug\cymetadata.o
                0x90400000                cy_meta_flashprotect

.cymeta         0x90500000        0xc
 *(.cymeta)
 .cymeta        0x90500000        0xc .\CortexM3\ARM_GCC_493\Debug\cymetadata.o
                0x90500000                cy_metadata

.rel.dyn        0x00008158        0x0 load address 0x9050000c
 .rel.iplt      0x00000000        0x0 c:/program files (x86)/cypress/psoc creator/3.3/psoc creator/import/gnu/arm/4.9.3/bin/../lib/gcc/arm-none-eabi/4.9.3/armv7-m/crtbegin.o

.stab
 *(.stab)

.stabstr
 *(.stabstr)

.debug
 *(.debug)

.line
 *(.line)

.debug_srcinfo
 *(.debug_srcinfo)

.debug_sfnames
 *(.debug_sfnames)

.debug_aranges  0x00000000      0xc38
 *(.debug_aranges)
 .debug_aranges
                0x00000000       0x28 .\CortexM3\ARM_GCC_493\Debug\main.o
 .debug_aranges
                0x00000028       0x48 .\CortexM3\ARM_GCC_493\Debug\tft.o
 .debug_aranges
                0x00000070       0x60 .\CortexM3\ARM_GCC_493\Debug\GUI_X.o
 .debug_aranges
                0x000000d0       0x20 .\CortexM3\ARM_GCC_493\Debug\GUIConf.o
 .debug_aranges
                0x000000f0       0x30 .\CortexM3\ARM_GCC_493\Debug\LCDConf.o
 .debug_aranges
                0x00000120       0x18 .\CortexM3\ARM_GCC_493\Debug\cymetadata.o
 .debug_aranges
                0x00000138       0x48 .\CortexM3\ARM_GCC_493\Debug\Cm3Start.o
 .debug_aranges
                0x00000180       0x78 .\CortexM3\ARM_GCC_493\Debug\Guitar Learner.a(cyfitter_cfg.o)
 .debug_aranges
                0x000001f8       0xd8 .\CortexM3\ARM_GCC_493\Debug\Guitar Learner.a(SPIM_1.o)
 .debug_aranges
                0x000002d0       0x70 .\CortexM3\ARM_GCC_493\Debug\Guitar Learner.a(SPIM_1_IntClock.o)
 .debug_aranges
                0x00000340       0x20 .\CortexM3\ARM_GCC_493\Debug\Guitar Learner.a(CyBootAsmGnu.o)
 .debug_aranges
                0x00000360      0x298 .\CortexM3\ARM_GCC_493\Debug\Guitar Learner.a(CyLib.o)
 .debug_aranges
                0x000005f8       0x98 .\CortexM3\ARM_GCC_493\Debug\Guitar Learner.a(cyPm.o)
 .debug_aranges
                0x00000690       0x58 .\CortexM3\ARM_GCC_493\Debug\Guitar Learner.a(DAC_SOUND_OUT.o)
 .debug_aranges
                0x000006e8       0x38 .\CortexM3\ARM_GCC_493\Debug\Guitar Learner.a(BTN_DAW.o)
 .debug_aranges
                0x00000720       0x38 .\CortexM3\ARM_GCC_493\Debug\Guitar Learner.a(BTN_LEARN.o)
 .debug_aranges
                0x00000758       0xe8 .\CortexM3\ARM_GCC_493\Debug\Guitar Learner.a(ADC_SOUND_IN.o)
 .debug_aranges
                0x00000840       0x38 .\CortexM3\ARM_GCC_493\Debug\Guitar Learner.a(ADC_SOUND_IN_INT.o)
 .debug_aranges